2025-11-17T01:08:09+00:00 NOTICE action_scheduler.queue_job :: MailChimp_WooCommerce_Single_Product starts in 5 seconds :: obj_id 263 with id 75
2025-11-17T01:08:10+00:00 NOTICE action_scheduler.queue_job :: MailChimp_WooCommerce_Single_Product starts in 5 seconds :: obj_id 264 with id 76
2025-11-17T01:08:11+00:00 NOTICE action_scheduler.queue_job :: MailChimp_WooCommerce_Single_Product starts in 5 seconds :: obj_id 265 with id 77
2025-11-17T01:08:12+00:00 NOTICE action_scheduler.queue_job :: MailChimp_WooCommerce_Single_Product starts in 5 seconds :: obj_id 266 with id 78
2025-11-17T01:08:13+00:00 NOTICE action_scheduler.queue_job :: MailChimp_WooCommerce_Single_Product starts in 5 seconds :: obj_id 267 with id 79
2025-11-17T01:08:13+00:00 NOTICE action_scheduler.queue_job :: MailChimp_WooCommerce_Single_Product starts in 5 seconds :: obj_id 268 with id 80
2025-11-17T01:08:15+00:00 NOTICE action_scheduler.queue_job :: MailChimp_WooCommerce_Single_Product starts in 5 seconds :: obj_id 269 with id 81
2025-11-17T01:08:15+00:00 NOTICE action_scheduler.queue_job :: MailChimp_WooCommerce_Single_Product starts in 5 seconds :: obj_id 270 with id 82
2025-11-17T01:08:16+00:00 NOTICE action_scheduler.queue_job :: MailChimp_WooCommerce_Single_Product starts in 5 seconds :: obj_id 271 with id 83
2025-11-17T01:08:17+00:00 NOTICE action_scheduler.queue_job :: MailChimp_WooCommerce_Single_Product starts in 5 seconds :: obj_id 272 with id 84
2025-11-17T01:08:18+00:00 NOTICE action_scheduler.queue_job :: MailChimp_WooCommerce_Single_Product starts in 5 seconds :: obj_id 273 with id 85
2025-11-17T01:08:19+00:00 NOTICE action_scheduler.queue_job :: MailChimp_WooCommerce_Single_Product starts in 5 seconds :: obj_id 274 with id 86
2025-11-17T01:08:25+00:00 NOTICE action_scheduler.queue_job :: MailChimp_WooCommerce_Single_Product starts in 5 seconds :: obj_id 275 with id 87
2025-11-17T01:08:26+00:00 NOTICE action_scheduler.queue_job :: MailChimp_WooCommerce_Single_Product starts in 5 seconds :: obj_id 276 with id 88
2025-11-17T01:08:27+00:00 NOTICE action_scheduler.queue_job :: MailChimp_WooCommerce_Single_Product starts in 5 seconds :: obj_id 277 with id 89
2025-11-17T01:08:28+00:00 NOTICE action_scheduler.queue_job :: MailChimp_WooCommerce_Single_Product starts in 5 seconds :: obj_id 278 with id 90
2025-11-17T01:08:29+00:00 NOTICE action_scheduler.queue_job :: MailChimp_WooCommerce_Single_Product starts in 5 seconds :: obj_id 279 with id 91
2025-11-17T01:08:30+00:00 NOTICE action_scheduler.queue_job :: MailChimp_WooCommerce_Single_Product starts in 5 seconds :: obj_id 280 with id 92
2025-11-17T01:08:31+00:00 NOTICE action_scheduler.queue_job :: MailChimp_WooCommerce_Single_Product starts in 5 seconds :: obj_id 281 with id 93
2025-11-17T01:08:32+00:00 NOTICE action_scheduler.queue_job :: MailChimp_WooCommerce_Single_Product starts in 5 seconds :: obj_id 282 with id 94
2025-11-17T01:08:33+00:00 NOTICE action_scheduler.queue_job :: MailChimp_WooCommerce_Single_Product starts in 5 seconds :: obj_id 283 with id 95
2025-11-17T01:08:34+00:00 NOTICE action_scheduler.queue_job :: MailChimp_WooCommerce_Single_Product starts in 5 seconds :: obj_id 284 with id 96
2025-11-17T01:08:39+00:00 NOTICE action_scheduler.queue_job :: MailChimp_WooCommerce_Single_Product starts in 5 seconds :: obj_id 285 with id 97
2025-11-17T01:08:40+00:00 NOTICE action_scheduler.queue_job :: MailChimp_WooCommerce_Single_Product starts in 5 seconds :: obj_id 286 with id 98
2025-11-17T01:08:40+00:00 NOTICE action_scheduler.queue_job :: MailChimp_WooCommerce_Single_Product starts in 5 seconds :: obj_id 287 with id 99
2025-11-17T01:08:41+00:00 NOTICE action_scheduler.queue_job :: MailChimp_WooCommerce_Single_Product starts in 5 seconds :: obj_id 288 with id 100
2025-11-17T01:08:42+00:00 NOTICE action_scheduler.queue_job :: MailChimp_WooCommerce_Single_Product starts in 5 seconds :: obj_id 289 with id 101
2025-11-17T01:08:43+00:00 NOTICE action_scheduler.queue_job :: MailChimp_WooCommerce_Single_Product starts in 5 seconds :: obj_id 290 with id 102
2025-11-17T01:08:44+00:00 NOTICE action_scheduler.queue_job :: MailChimp_WooCommerce_Single_Product starts in 5 seconds :: obj_id 291 with id 103
2025-11-17T01:08:45+00:00 NOTICE action_scheduler.queue_job :: MailChimp_WooCommerce_Single_Product starts in 5 seconds :: obj_id 292 with id 104
2025-11-17T01:08:46+00:00 NOTICE action_scheduler.queue_job :: MailChimp_WooCommerce_Single_Product starts in 5 seconds :: obj_id 293 with id 105
2025-11-17T01:08:47+00:00 NOTICE action_scheduler.queue_job :: MailChimp_WooCommerce_Single_Product starts in 5 seconds :: obj_id 294 with id 106
2025-11-17T01:08:52+00:00 NOTICE action_scheduler.queue_job :: MailChimp_WooCommerce_Single_Product starts in 5 seconds :: obj_id 295 with id 107
2025-11-17T01:08:53+00:00 NOTICE action_scheduler.queue_job :: MailChimp_WooCommerce_Single_Product starts in 5 seconds :: obj_id 296 with id 108
2025-11-17T01:08:54+00:00 NOTICE action_scheduler.queue_job :: MailChimp_WooCommerce_Single_Product starts in 5 seconds :: obj_id 297 with id 109
2025-11-17T01:08:55+00:00 NOTICE action_scheduler.queue_job :: MailChimp_WooCommerce_Single_Product starts in 5 seconds :: obj_id 298 with id 110
2025-11-17T01:08:56+00:00 NOTICE action_scheduler.queue_job :: MailChimp_WooCommerce_Single_Product starts in 5 seconds :: obj_id 299 with id 111
2025-11-17T01:08:57+00:00 NOTICE action_scheduler.queue_job :: MailChimp_WooCommerce_Single_Product starts in 5 seconds :: obj_id 300 with id 112
2025-11-17T01:08:57+00:00 NOTICE action_scheduler.queue_job :: MailChimp_WooCommerce_Single_Product starts in 5 seconds :: obj_id 301 with id 113
2025-11-17T01:08:58+00:00 NOTICE action_scheduler.queue_job :: MailChimp_WooCommerce_Single_Product starts in 5 seconds :: obj_id 302 with id 114
2025-11-17T01:08:59+00:00 NOTICE action_scheduler.queue_job :: MailChimp_WooCommerce_Single_Product starts in 5 seconds :: obj_id 303 with id 115
2025-11-17T01:09:00+00:00 NOTICE action_scheduler.queue_job :: MailChimp_WooCommerce_Single_Product starts in 5 seconds :: obj_id 304 with id 116
2025-11-17T01:09:06+00:00 NOTICE action_scheduler.queue_job :: MailChimp_WooCommerce_Single_Product starts in 5 seconds :: obj_id 305 with id 117
2025-11-17T01:09:07+00:00 NOTICE action_scheduler.queue_job :: MailChimp_WooCommerce_Single_Product starts in 5 seconds :: obj_id 306 with id 118
2025-11-17T01:09:08+00:00 NOTICE action_scheduler.queue_job :: MailChimp_WooCommerce_Single_Product starts in 5 seconds :: obj_id 307 with id 119
2025-11-17T01:09:09+00:00 NOTICE action_scheduler.queue_job :: MailChimp_WooCommerce_Single_Product starts in 5 seconds :: obj_id 308 with id 120
2025-11-17T01:09:10+00:00 NOTICE action_scheduler.queue_job :: MailChimp_WooCommerce_Single_Product starts in 5 seconds :: obj_id 309 with id 121
2025-11-17T01:09:11+00:00 NOTICE action_scheduler.queue_job :: MailChimp_WooCommerce_Single_Product starts in 5 seconds :: obj_id 310 with id 122
2025-11-17T01:09:12+00:00 NOTICE action_scheduler.queue_job :: MailChimp_WooCommerce_Single_Product starts in 5 seconds :: obj_id 311 with id 123
2025-11-17T01:09:13+00:00 NOTICE action_scheduler.queue_job :: MailChimp_WooCommerce_Single_Product starts in 5 seconds :: obj_id 312 with id 124
2025-11-17T01:09:13+00:00 NOTICE action_scheduler.queue_job :: MailChimp_WooCommerce_Single_Product starts in 5 seconds :: obj_id 313 with id 125
2025-11-17T01:09:14+00:00 NOTICE action_scheduler.queue_job :: MailChimp_WooCommerce_Single_Product starts in 5 seconds :: obj_id 314 with id 126
2025-11-17T01:09:19+00:00 NOTICE action_scheduler.queue_job :: MailChimp_WooCommerce_Single_Product starts in 5 seconds :: obj_id 315 with id 127
2025-11-17T01:09:20+00:00 NOTICE action_scheduler.queue_job :: MailChimp_WooCommerce_Single_Product starts in 5 seconds :: obj_id 316 with id 128
2025-11-17T01:09:21+00:00 NOTICE action_scheduler.queue_job :: MailChimp_WooCommerce_Single_Product starts in 5 seconds :: obj_id 317 with id 129
2025-11-17T01:09:22+00:00 NOTICE action_scheduler.queue_job :: MailChimp_WooCommerce_Single_Product starts in 5 seconds :: obj_id 318 with id 130
2025-11-17T01:09:28+00:00 NOTICE action_scheduler.queue_job :: MailChimp_WooCommerce_Single_Product starts in 5 seconds :: obj_id 319 with id 131
2025-11-17T03:14:48+00:00 NOTICE mailchimp_events :: mailchimp beacon :: sending anonymous event
2025-11-17T03:15:00+00:00 NOTICE mailchimp_events :: mailchimp beacon :: sending anonymous event
2025-11-17T03:15:10+00:00 ERROR mailchimp_events :: Could not post event data to mailchimp beacon.
2025-11-17T03:15:10+00:00 NOTICE mailchimp_events :: mailchimp beacon :: sending anonymous event
2025-11-17T03:15:20+00:00 ERROR mailchimp_events :: Could not post event data to mailchimp beacon.
2025-11-17T03:15:25+00:00 NOTICE mailchimp_events :: mailchimp beacon :: sending anonymous event
2025-11-17T03:15:35+00:00 ERROR mailchimp_events :: Could not post event data to mailchimp beacon.
2025-11-17T03:18:48+00:00 NOTICE mailchimp_events :: mailchimp beacon :: sending anonymous event
2025-11-17T03:18:58+00:00 ERROR mailchimp_events :: Could not post event data to mailchimp beacon.
2025-11-17T03:19:07+00:00 NOTICE mailchimp_events :: mailchimp beacon :: sending anonymous event
2025-11-17T03:19:17+00:00 ERROR mailchimp_events :: Could not post event data to mailchimp beacon.
2025-11-17T03:19:17+00:00 NOTICE mailchimp_events :: mailchimp beacon :: sending anonymous event
2025-11-17T03:19:27+00:00 ERROR mailchimp_events :: Could not post event data to mailchimp beacon.
2025-11-17T03:19:46+00:00 ERROR mailchimp_events :: Could not post event data to mailchimp beacon.
2025-11-17T03:21:37+00:00 ERROR mailchimp_events :: Could not post event data to mailchimp beacon.
2025-11-17T03:21:47+00:00 ERROR mailchimp_events :: Could not post event data to mailchimp beacon.
2025-11-17T03:21:57+00:00 ERROR mailchimp_events :: Could not post event data to mailchimp beacon.
2025-11-17T03:22:02+00:00 NOTICE sync_store :: posting data :: Array
(
    [store_post] => Array
        (
            [id] => 690b7ceb0d6a2
            [is_syncing] => 
            [platform] => woocommerce
            [list_id] => 1f490aec56
            [name] => H-Fashion
            [domain] => http://localhost/blogshop_project
            [email_address] => haovtv1234@gmail.com
            [currency_code] => VND
            [money_format] => ₫
            [primary_locale] => vi
            [timezone] => +00:00
            [address] => Array
                (
                    [country] => VN
                    [country_code] => VN
                    [company] => H-Fashion
                )

        )

)

2025-11-17T03:22:11+00:00 NOTICE sync_store :: posting data :: Array
(
    [store_post] => Array
        (
            [id] => 690b7ceb0d6a2
            [is_syncing] => 
            [platform] => woocommerce
            [list_id] => 1f490aec56
            [name] => H-Fashion
            [domain] => http://localhost/blogshop_project
            [email_address] => haovtv1234@gmail.com
            [currency_code] => VND
            [money_format] => ₫
            [primary_locale] => vi
            [timezone] => +00:00
            [address] => Array
                (
                    [country] => VN
                    [country_code] => VN
                    [company] => H-Fashion
                )

        )

)

2025-11-17T03:22:19+00:00 NOTICE sync_store :: posting data :: Array
(
    [store_post] => Array
        (
            [id] => 690b7ceb0d6a2
            [is_syncing] => 
            [platform] => woocommerce
            [list_id] => 1f490aec56
            [name] => H-Fashion
            [domain] => http://localhost/blogshop_project
            [email_address] => haovtv1234@gmail.com
            [currency_code] => VND
            [money_format] => ₫
            [primary_locale] => vi
            [timezone] => +00:00
            [address] => Array
                (
                    [country] => VN
                    [country_code] => VN
                    [company] => H-Fashion
                )

        )

)

2025-11-17T03:22:22+00:00 NOTICE action_scheduler.queue_job :: MailChimp_WooCommerce_WebHooks_Sync queued with id 134
2025-11-17T03:22:22+00:00 NOTICE mailchimp-woocommerce-sync.started :: Starting Sync :: Mon, Nov 17, 2025 3:22 AM
2025-11-17T03:22:24+00:00 NOTICE action_scheduler.queue_job :: MailChimp_WooCommerce_Process_Customers queued :: page 1 with id 135
2025-11-17T03:22:35+00:00 ERROR mailchimp_events :: Could not post event data to mailchimp beacon.
2025-11-17T03:22:49+00:00 NOTICE customers_sync.completed :: Done with the customers queueing.
2025-11-17T03:22:49+00:00 NOTICE sync.full_sync_manager.queue :: Starting PRODUCTS queueing.
2025-11-17T03:22:49+00:00 NOTICE action_scheduler.queue_job :: MailChimp_WooCommerce_Process_Products queued :: page 1 with id 137
2025-11-17T03:22:49+00:00 NOTICE action_scheduler.queue_job :: MailChimp_WooCommerce_Process_Products queued :: page 2 with id 138
2025-11-17T03:22:49+00:00 NOTICE action_scheduler.queue_job :: MailChimp_WooCommerce_Single_Product queued :: obj_id 13 with id 140
2025-11-17T03:22:49+00:00 NOTICE action_scheduler.queue_job :: MailChimp_WooCommerce_Single_Product queued :: obj_id 263 with id 141
2025-11-17T03:22:49+00:00 NOTICE action_scheduler.queue_job :: MailChimp_WooCommerce_Single_Product queued :: obj_id 264 with id 142
2025-11-17T03:22:49+00:00 NOTICE action_scheduler.queue_job :: MailChimp_WooCommerce_Single_Product queued :: obj_id 265 with id 143
2025-11-17T03:22:49+00:00 NOTICE action_scheduler.queue_job :: MailChimp_WooCommerce_Single_Product queued :: obj_id 266 with id 144
2025-11-17T03:22:49+00:00 NOTICE action_scheduler.queue_job :: MailChimp_WooCommerce_Single_Product queued :: obj_id 267 with id 145
2025-11-17T03:22:49+00:00 NOTICE action_scheduler.queue_job :: MailChimp_WooCommerce_Single_Product queued :: obj_id 268 with id 146
2025-11-17T03:22:49+00:00 NOTICE action_scheduler.queue_job :: MailChimp_WooCommerce_Single_Product queued :: obj_id 269 with id 147
2025-11-17T03:22:49+00:00 NOTICE action_scheduler.queue_job :: MailChimp_WooCommerce_Single_Product queued :: obj_id 270 with id 148
2025-11-17T03:22:49+00:00 NOTICE action_scheduler.queue_job :: MailChimp_WooCommerce_Single_Product queued :: obj_id 271 with id 149
2025-11-17T03:22:49+00:00 NOTICE action_scheduler.queue_job :: MailChimp_WooCommerce_Single_Product queued :: obj_id 272 with id 150
2025-11-17T03:22:49+00:00 NOTICE action_scheduler.queue_job :: MailChimp_WooCommerce_Single_Product queued :: obj_id 273 with id 151
2025-11-17T03:22:49+00:00 NOTICE action_scheduler.queue_job :: MailChimp_WooCommerce_Single_Product queued :: obj_id 274 with id 152
2025-11-17T03:22:49+00:00 NOTICE action_scheduler.queue_job :: MailChimp_WooCommerce_Single_Product queued :: obj_id 275 with id 153
2025-11-17T03:22:49+00:00 NOTICE action_scheduler.queue_job :: MailChimp_WooCommerce_Single_Product queued :: obj_id 276 with id 154
2025-11-17T03:22:49+00:00 NOTICE action_scheduler.queue_job :: MailChimp_WooCommerce_Single_Product queued :: obj_id 277 with id 155
2025-11-17T03:22:49+00:00 NOTICE action_scheduler.queue_job :: MailChimp_WooCommerce_Single_Product queued :: obj_id 278 with id 156
2025-11-17T03:22:49+00:00 NOTICE action_scheduler.queue_job :: MailChimp_WooCommerce_Single_Product queued :: obj_id 279 with id 157
2025-11-17T03:22:49+00:00 NOTICE action_scheduler.queue_job :: MailChimp_WooCommerce_Single_Product queued :: obj_id 280 with id 158
2025-11-17T03:22:49+00:00 NOTICE action_scheduler.queue_job :: MailChimp_WooCommerce_Single_Product queued :: obj_id 281 with id 159
2025-11-17T03:22:49+00:00 NOTICE action_scheduler.queue_job :: MailChimp_WooCommerce_Single_Product queued :: obj_id 282 with id 160
2025-11-17T03:22:49+00:00 NOTICE action_scheduler.queue_job :: MailChimp_WooCommerce_Single_Product queued :: obj_id 283 with id 161
2025-11-17T03:22:49+00:00 NOTICE action_scheduler.queue_job :: MailChimp_WooCommerce_Single_Product queued :: obj_id 284 with id 162
2025-11-17T03:22:49+00:00 NOTICE action_scheduler.queue_job :: MailChimp_WooCommerce_Single_Product queued :: obj_id 285 with id 163
2025-11-17T03:22:49+00:00 NOTICE action_scheduler.queue_job :: MailChimp_WooCommerce_Single_Product queued :: obj_id 286 with id 164
2025-11-17T03:22:49+00:00 NOTICE action_scheduler.queue_job :: MailChimp_WooCommerce_Single_Product queued :: obj_id 287 with id 165
2025-11-17T03:22:49+00:00 NOTICE action_scheduler.queue_job :: MailChimp_WooCommerce_Single_Product queued :: obj_id 288 with id 166
2025-11-17T03:22:49+00:00 NOTICE action_scheduler.queue_job :: MailChimp_WooCommerce_Single_Product queued :: obj_id 289 with id 167
2025-11-17T03:22:49+00:00 NOTICE action_scheduler.queue_job :: MailChimp_WooCommerce_Single_Product queued :: obj_id 290 with id 168
2025-11-17T03:22:49+00:00 NOTICE action_scheduler.queue_job :: MailChimp_WooCommerce_Single_Product queued :: obj_id 291 with id 169
2025-11-17T03:22:49+00:00 NOTICE action_scheduler.queue_job :: MailChimp_WooCommerce_Single_Product queued :: obj_id 292 with id 170
2025-11-17T03:22:49+00:00 NOTICE action_scheduler.queue_job :: MailChimp_WooCommerce_Single_Product queued :: obj_id 293 with id 171
2025-11-17T03:22:49+00:00 NOTICE action_scheduler.queue_job :: MailChimp_WooCommerce_Single_Product queued :: obj_id 294 with id 172
2025-11-17T03:22:49+00:00 NOTICE action_scheduler.queue_job :: MailChimp_WooCommerce_Single_Product queued :: obj_id 295 with id 173
2025-11-17T03:22:49+00:00 NOTICE action_scheduler.queue_job :: MailChimp_WooCommerce_Single_Product queued :: obj_id 296 with id 174
2025-11-17T03:22:49+00:00 NOTICE action_scheduler.queue_job :: MailChimp_WooCommerce_Single_Product queued :: obj_id 297 with id 175
2025-11-17T03:22:49+00:00 NOTICE action_scheduler.queue_job :: MailChimp_WooCommerce_Single_Product queued :: obj_id 298 with id 176
2025-11-17T03:22:49+00:00 NOTICE action_scheduler.queue_job :: MailChimp_WooCommerce_Single_Product queued :: obj_id 299 with id 177
2025-11-17T03:22:49+00:00 NOTICE action_scheduler.queue_job :: MailChimp_WooCommerce_Single_Product queued :: obj_id 300 with id 178
2025-11-17T03:22:49+00:00 NOTICE action_scheduler.queue_job :: MailChimp_WooCommerce_Single_Product queued :: obj_id 301 with id 179
2025-11-17T03:22:49+00:00 NOTICE action_scheduler.queue_job :: MailChimp_WooCommerce_Single_Product queued :: obj_id 302 with id 180
2025-11-17T03:22:49+00:00 NOTICE action_scheduler.queue_job :: MailChimp_WooCommerce_Single_Product queued :: obj_id 303 with id 181
2025-11-17T03:22:49+00:00 NOTICE action_scheduler.queue_job :: MailChimp_WooCommerce_Single_Product queued :: obj_id 304 with id 182
2025-11-17T03:22:49+00:00 NOTICE action_scheduler.queue_job :: MailChimp_WooCommerce_Single_Product queued :: obj_id 305 with id 183
2025-11-17T03:22:49+00:00 NOTICE action_scheduler.queue_job :: MailChimp_WooCommerce_Single_Product queued :: obj_id 306 with id 184
2025-11-17T03:22:49+00:00 NOTICE action_scheduler.queue_job :: MailChimp_WooCommerce_Single_Product queued :: obj_id 307 with id 185
2025-11-17T03:22:49+00:00 NOTICE action_scheduler.queue_job :: MailChimp_WooCommerce_Single_Product queued :: obj_id 308 with id 186
2025-11-17T03:22:49+00:00 NOTICE action_scheduler.queue_job :: MailChimp_WooCommerce_Single_Product queued :: obj_id 309 with id 187
2025-11-17T03:22:49+00:00 NOTICE action_scheduler.queue_job :: MailChimp_WooCommerce_Single_Product queued :: obj_id 310 with id 188
2025-11-17T03:22:49+00:00 NOTICE action_scheduler.queue_job :: MailChimp_WooCommerce_Single_Product queued :: obj_id 311 with id 189
2025-11-17T03:22:49+00:00 NOTICE action_scheduler.queue_job :: MailChimp_WooCommerce_Single_Product queued :: obj_id 312 with id 190
2025-11-17T03:22:49+00:00 NOTICE action_scheduler.queue_job :: MailChimp_WooCommerce_Single_Product queued :: obj_id 313 with id 191
2025-11-17T03:22:49+00:00 NOTICE action_scheduler.queue_job :: MailChimp_WooCommerce_Single_Product queued :: obj_id 314 with id 192
2025-11-17T03:22:49+00:00 NOTICE action_scheduler.queue_job :: MailChimp_WooCommerce_Single_Product queued :: obj_id 315 with id 193
2025-11-17T03:22:49+00:00 NOTICE action_scheduler.queue_job :: MailChimp_WooCommerce_Single_Product queued :: obj_id 316 with id 194
2025-11-17T03:22:49+00:00 NOTICE action_scheduler.queue_job :: MailChimp_WooCommerce_Single_Product queued :: obj_id 317 with id 195
2025-11-17T03:22:49+00:00 NOTICE action_scheduler.queue_job :: MailChimp_WooCommerce_Single_Product queued :: obj_id 318 with id 196
2025-11-17T03:22:49+00:00 NOTICE action_scheduler.queue_job :: MailChimp_WooCommerce_Single_Product queued :: obj_id 319 with id 197
2025-11-17T03:22:49+00:00 NOTICE action_scheduler.queue_job :: Mailchimp_Woocommerce_Complete_Resource_Sync starts in 1 seconds :: obj_id products with id 198
2025-11-17T03:22:51+00:00 NOTICE product_sync.completed :: Done with the product queuing
2025-11-17T03:22:53+00:00 NOTICE product_submit.success :: upsert :: #13
2025-11-17T03:22:54+00:00 NOTICE product_submit.success :: upsert :: #263
2025-11-17T03:22:55+00:00 NOTICE product_submit.success :: upsert :: #264
2025-11-17T03:22:55+00:00 ERROR mailchimp_events :: Could not post event data to mailchimp beacon.
2025-11-17T03:22:56+00:00 NOTICE product_submit.success :: upsert :: #265
2025-11-17T03:22:58+00:00 NOTICE product_submit.success :: upsert :: #266
2025-11-17T03:22:59+00:00 NOTICE product_submit.success :: upsert :: #267
2025-11-17T03:23:00+00:00 NOTICE product_submit.success :: upsert :: #268
2025-11-17T03:23:01+00:00 NOTICE product_submit.success :: upsert :: #269
2025-11-17T03:23:02+00:00 NOTICE product_submit.success :: upsert :: #270
2025-11-17T03:23:03+00:00 NOTICE product_submit.success :: upsert :: #271
2025-11-17T03:23:04+00:00 NOTICE product_submit.success :: upsert :: #272
2025-11-17T03:23:05+00:00 NOTICE product_submit.success :: upsert :: #273
2025-11-17T03:23:05+00:00 ERROR mailchimp_events :: Could not post event data to mailchimp beacon.
2025-11-17T03:23:06+00:00 NOTICE product_submit.success :: upsert :: #274
2025-11-17T03:23:07+00:00 NOTICE product_submit.success :: upsert :: #275
2025-11-17T03:23:08+00:00 NOTICE product_submit.success :: upsert :: #276
2025-11-17T03:23:10+00:00 NOTICE product_submit.success :: upsert :: #277
2025-11-17T03:23:11+00:00 NOTICE product_submit.success :: upsert :: #278
2025-11-17T03:23:12+00:00 NOTICE product_submit.success :: upsert :: #279
2025-11-17T03:23:26+00:00 NOTICE product_submit.success :: upsert :: #280
2025-11-17T03:23:27+00:00 NOTICE product_submit.success :: upsert :: #281
2025-11-17T03:23:28+00:00 NOTICE product_submit.success :: upsert :: #282
2025-11-17T03:23:29+00:00 NOTICE product_submit.success :: upsert :: #283
2025-11-17T03:23:30+00:00 NOTICE product_submit.success :: upsert :: #284
2025-11-17T03:23:32+00:00 NOTICE product_submit.success :: upsert :: #285
2025-11-17T03:23:33+00:00 NOTICE product_submit.success :: upsert :: #286
2025-11-17T03:23:34+00:00 NOTICE product_submit.success :: upsert :: #287
2025-11-17T03:23:35+00:00 NOTICE product_submit.success :: upsert :: #288
2025-11-17T03:23:36+00:00 NOTICE product_submit.success :: upsert :: #289
2025-11-17T03:23:37+00:00 NOTICE product_submit.success :: upsert :: #290
2025-11-17T03:23:38+00:00 NOTICE product_submit.success :: upsert :: #291
2025-11-17T03:23:40+00:00 NOTICE product_submit.success :: upsert :: #292
2025-11-17T03:23:41+00:00 NOTICE product_submit.success :: upsert :: #293
2025-11-17T03:23:42+00:00 NOTICE product_submit.success :: upsert :: #294
2025-11-17T03:23:43+00:00 NOTICE product_submit.success :: upsert :: #295
2025-11-17T03:23:44+00:00 NOTICE product_submit.success :: upsert :: #296
2025-11-17T03:23:45+00:00 NOTICE product_submit.success :: upsert :: #297
2025-11-17T03:23:46+00:00 NOTICE product_submit.success :: upsert :: #298
2025-11-17T03:23:47+00:00 NOTICE product_submit.success :: upsert :: #299
2025-11-17T03:23:49+00:00 NOTICE product_submit.success :: upsert :: #300
2025-11-17T03:23:58+00:00 NOTICE product_submit.success :: upsert :: #301
2025-11-17T03:24:03+00:00 NOTICE product_submit.success :: upsert :: #302
2025-11-17T03:24:04+00:00 NOTICE product_submit.success :: upsert :: #303
2025-11-17T03:24:05+00:00 NOTICE product_submit.success :: upsert :: #304
2025-11-17T03:24:06+00:00 NOTICE product_submit.success :: upsert :: #305
2025-11-17T03:24:07+00:00 NOTICE product_submit.success :: upsert :: #306
2025-11-17T03:24:09+00:00 ERROR mailchimp_events :: Could not post event data to mailchimp beacon.
2025-11-17T03:24:10+00:00 NOTICE product_submit.success :: upsert :: #307
2025-11-17T03:24:11+00:00 NOTICE product_submit.success :: upsert :: #308
2025-11-17T03:24:12+00:00 NOTICE product_submit.success :: upsert :: #309
2025-11-17T03:24:13+00:00 NOTICE product_submit.success :: upsert :: #310
2025-11-17T03:24:15+00:00 NOTICE product_submit.success :: upsert :: #311
2025-11-17T03:24:16+00:00 NOTICE product_submit.success :: upsert :: #312
2025-11-17T03:24:17+00:00 NOTICE product_submit.success :: upsert :: #313
2025-11-17T03:24:18+00:00 NOTICE product_submit.success :: upsert :: #314
2025-11-17T03:24:19+00:00 NOTICE product_submit.success :: upsert :: #315
2025-11-17T03:24:20+00:00 NOTICE product_submit.success :: upsert :: #316
2025-11-17T03:24:21+00:00 NOTICE product_submit.success :: upsert :: #317
2025-11-17T03:24:27+00:00 ERROR mailchimp_events :: Could not post event data to mailchimp beacon.
2025-11-17T03:24:32+00:00 NOTICE product_submit.success :: upsert :: #318
2025-11-17T03:24:33+00:00 NOTICE product_submit.success :: upsert :: #319
2025-11-17T03:24:33+00:00 NOTICE sync.full_sync_manager.queue :: Starting PRODUCT CATEGORIES queueing.
2025-11-17T03:24:33+00:00 NOTICE action_scheduler.queue_job :: MailChimp_WooCommerce_Process_Product_Categories queued :: page 1 with id 199
2025-11-17T03:24:33+00:00 NOTICE action_scheduler.queue_job :: MailChimp_WooCommerce_Process_Product_Categories queued :: page 2 with id 200
2025-11-17T03:24:33+00:00 NOTICE sync.full_sync_manager.queue :: Starting COUPONS queueing.
2025-11-17T03:24:33+00:00 NOTICE action_scheduler.queue_job :: MailChimp_WooCommerce_Process_Coupons queued :: page 1 with id 201
2025-11-17T03:24:33+00:00 NOTICE action_scheduler.queue_job :: MailChimp_WooCommerce_Process_Coupons queued :: page 2 with id 202
2025-11-17T03:24:33+00:00 NOTICE action_scheduler.queue_job :: Mailchimp_WooCommerce_Single_Product_Category queued :: obj_id 16 with id 204
2025-11-17T03:24:33+00:00 NOTICE action_scheduler.queue_job :: Mailchimp_WooCommerce_Single_Product_Category queued :: obj_id 33 with id 205
2025-11-17T03:24:33+00:00 NOTICE action_scheduler.queue_job :: Mailchimp_WooCommerce_Single_Product_Category queued :: obj_id 34 with id 206
2025-11-17T03:24:33+00:00 NOTICE action_scheduler.queue_job :: Mailchimp_WooCommerce_Single_Product_Category queued :: obj_id 39 with id 207
2025-11-17T03:24:33+00:00 NOTICE action_scheduler.queue_job :: Mailchimp_WooCommerce_Single_Product_Category queued :: obj_id 43 with id 208
2025-11-17T03:24:33+00:00 NOTICE action_scheduler.queue_job :: Mailchimp_WooCommerce_Single_Product_Category queued :: obj_id 44 with id 209
2025-11-17T03:24:33+00:00 NOTICE action_scheduler.queue_job :: Mailchimp_WooCommerce_Single_Product_Category queued :: obj_id 45 with id 210
2025-11-17T03:24:33+00:00 NOTICE action_scheduler.queue_job :: Mailchimp_WooCommerce_Single_Product_Category queued :: obj_id 46 with id 211
2025-11-17T03:24:33+00:00 NOTICE action_scheduler.queue_job :: Mailchimp_WooCommerce_Single_Product_Category queued :: obj_id 47 with id 212
2025-11-17T03:24:33+00:00 NOTICE action_scheduler.queue_job :: Mailchimp_WooCommerce_Single_Product_Category queued :: obj_id 56 with id 213
2025-11-17T03:24:33+00:00 NOTICE action_scheduler.queue_job :: Mailchimp_WooCommerce_Single_Product_Category queued :: obj_id 67 with id 214
2025-11-17T03:24:33+00:00 NOTICE action_scheduler.queue_job :: Mailchimp_WooCommerce_Single_Product_Category queued :: obj_id 68 with id 215
2025-11-17T03:24:33+00:00 NOTICE action_scheduler.queue_job :: Mailchimp_WooCommerce_Single_Product_Category queued :: obj_id 69 with id 216
2025-11-17T03:24:33+00:00 NOTICE action_scheduler.queue_job :: Mailchimp_WooCommerce_Single_Product_Category queued :: obj_id 71 with id 217
2025-11-17T03:24:33+00:00 NOTICE action_scheduler.queue_job :: Mailchimp_WooCommerce_Single_Product_Category queued :: obj_id 72 with id 218
2025-11-17T03:24:33+00:00 NOTICE action_scheduler.queue_job :: Mailchimp_WooCommerce_Single_Product_Category queued :: obj_id 73 with id 219
2025-11-17T03:24:33+00:00 NOTICE action_scheduler.queue_job :: Mailchimp_Woocommerce_Complete_Resource_Sync starts in 1 seconds :: obj_id product_categories with id 220
2025-11-17T03:24:35+00:00 NOTICE product_categories_sync.completed :: Done with the product categories queuing
2025-11-17T03:24:35+00:00 NOTICE action_scheduler.queue_job :: MailChimp_WooCommerce_SingleCoupon queued :: obj_id 17 with id 221
2025-11-17T03:24:35+00:00 NOTICE action_scheduler.queue_job :: MailChimp_WooCommerce_SingleCoupon queued :: obj_id 18 with id 222
2025-11-17T03:24:35+00:00 NOTICE action_scheduler.queue_job :: Mailchimp_Woocommerce_Complete_Resource_Sync starts in 1 seconds :: obj_id coupons with id 223
2025-11-17T03:24:37+00:00 ERROR mailchimp_events :: Could not post event data to mailchimp beacon.
2025-11-17T03:24:37+00:00 NOTICE coupon_sync.completed :: Done with the coupon queueing.
2025-11-17T03:24:40+00:00 NOTICE product_category_submit.success :: #16
2025-11-17T03:24:42+00:00 NOTICE product_category_submit.success :: #33
2025-11-17T03:24:44+00:00 NOTICE product_category_submit.success :: #34
2025-11-17T03:24:46+00:00 NOTICE product_category_submit.success :: #39
2025-11-17T03:24:49+00:00 NOTICE product_category_submit.success :: #43
2025-11-17T03:24:54+00:00 NOTICE product_category_submit.success :: #44
2025-11-17T03:25:08+00:00 NOTICE product_category_submit.success :: #45
2025-11-17T03:25:19+00:00 NOTICE product_category_submit.success :: #46
2025-11-17T03:25:21+00:00 NOTICE product_category_submit.success :: #47
2025-11-17T03:25:27+00:00 NOTICE product_category_submit.success :: #56
2025-11-17T03:25:29+00:00 NOTICE product_category_submit.success :: #67
2025-11-17T03:25:31+00:00 NOTICE product_category_submit.success :: #68
2025-11-17T03:25:36+00:00 NOTICE product_category_submit.success :: #69
2025-11-17T03:25:47+00:00 NOTICE product_category_submit.success :: #71
2025-11-17T03:25:49+00:00 NOTICE product_category_submit.success :: #72
2025-11-17T03:25:52+00:00 NOTICE product_category_submit.success :: #73
2025-11-17T03:26:01+00:00 NOTICE promo_code_submit.success :: #17 :: code: sale20thang10
2025-11-17T03:26:09+00:00 NOTICE promo_code_submit.success :: #18 :: code: freeship
2025-11-17T03:26:17+00:00 NOTICE action_scheduler.queue_job :: MailChimp_WooCommerce_Process_Orders queued :: page 1 with id 224
2025-11-17T03:26:17+00:00 NOTICE order_sync.completed :: Done with the order queueing.
2025-11-17T03:27:04+00:00 NOTICE sync.completed :: Finished Sync :: Mon, Nov 17, 2025 3:27 AM (total time: 00:04:42)
2025-11-17T03:27:10+00:00 NOTICE admin :: updated GDPR fields :: Array
(
    [fields] => Array
        (
        )

)

