2025-11-22T10:54:04+00:00 NOTICE action_scheduler.queue_job :: MailChimp_WooCommerce_Single_Order starts in 90 seconds :: obj_id 438 with id 310
2025-11-22T10:54:05+00:00 NOTICE handleOrderUpdate :: order_status
2025-11-22T10:54:05+00:00 NOTICE handleOrderUpdate :: order_status
2025-11-22T10:54:05+00:00 NOTICE action_scheduler.queue_job :: MailChimp_WooCommerce_Single_Product starts in 5 seconds :: obj_id 13 with id 312
2025-11-22T10:54:12+00:00 NOTICE debug :: Order ID 438 was pending and is now processing :: Array
(
    [new_order] => 1
    [tracking] => Array
        (
            [landing_site] => 
        )

)

2025-11-22T10:54:12+00:00 NOTICE handleOrderUpdate :: order_status
2025-11-22T10:54:32+00:00 NOTICE product_submit.success :: upsert :: #13
2025-11-22T10:56:28+00:00 NOTICE order_process :: Order #438 skipped, user #1 user role is not in the list
2025-11-22T11:47:55+00:00 NOTICE action_scheduler.queue_job :: MailChimp_WooCommerce_Cart_Update queued :: obj_id 927bf22a4e0a25892f569fef39935783 with id 315
2025-11-22T11:48:04+00:00 NOTICE abandoned_cart.success :: email: h@gmail.com :: checkout_url: http://localhost/blogshop_project/checkout/?mc_cart_id=927bf22a4e0a25892f569fef39935783
2025-11-22T11:48:05+00:00 NOTICE cart.member.updated :: Updated h@gmail.com subscriber status to transactionaland language to en
2025-11-22T11:48:16+00:00 NOTICE action_scheduler.queue_job :: MailChimp_WooCommerce_Single_Order starts in 90 seconds :: obj_id 441 with id 316
2025-11-22T11:48:16+00:00 NOTICE handleOrderUpdate :: order_status
2025-11-22T11:48:21+00:00 NOTICE debug :: Order ID 441 was pending and is now processing :: Array
(
    [new_order] => 1
    [tracking] => Array
        (
            [landing_site] => 
        )

)

2025-11-22T11:48:21+00:00 NOTICE handleOrderUpdate :: order_status
2025-11-22T11:51:47+00:00 ERROR order_submit.error :: addStoreOrder :: #441 :: Error Code 400 :: <p>order_url: That is not a valid URL: http://localhost/blogshop_project/my-account/view-order/441/</p> on 2950 in C:\xampp\htdocs\blogshop_project\wp-content\plugins\mailchimp-for-woocommerce\includes\api\class-mailchimp-api.php
