2025-11-20T04:00:39+00:00 INFO Started creating list session.
2025-11-20T04:00:40+00:00 ERROR Failed to create LIST session. Exception caught: Syde\Vendor\Inpsyde\PayoneerSdk\Api\Command\Exception\CommandException: Problem validating response in C:\xampp\htdocs\blogshop_project\wp-content\plugins\payoneer-checkout\modules\inpsyde\payoneer-sdk\src\Api\Command\AbstractCommand.php:88
Previous:
RuntimeException: Syntax error in C:\xampp\htdocs\blogshop_project\wp-content\plugins\payoneer-checkout\modules\inpsyde\payoneer-sdk\src\Client\JsonCodecTrait.php:43 CONTEXT: {"exception":{}}
2025-11-20T04:00:40+00:00 INFO Started creating list session.
2025-11-20T04:00:41+00:00 ERROR Failed to create LIST session. Exception caught: Syde\Vendor\Inpsyde\PayoneerSdk\Api\Command\Exception\CommandException: Problem validating response in C:\xampp\htdocs\blogshop_project\wp-content\plugins\payoneer-checkout\modules\inpsyde\payoneer-sdk\src\Api\Command\AbstractCommand.php:88
Previous:
RuntimeException: Syntax error in C:\xampp\htdocs\blogshop_project\wp-content\plugins\payoneer-checkout\modules\inpsyde\payoneer-sdk\src\Client\JsonCodecTrait.php:43 CONTEXT: {"exception":{}}
2025-11-20T04:00:41+00:00 INFO Started creating list session.
2025-11-20T04:00:42+00:00 INFO Started creating list session.
2025-11-20T04:00:42+00:00 ERROR Failed to create LIST session. Exception caught: Syde\Vendor\Inpsyde\PayoneerSdk\Api\Command\Exception\CommandException: Problem validating response in C:\xampp\htdocs\blogshop_project\wp-content\plugins\payoneer-checkout\modules\inpsyde\payoneer-sdk\src\Api\Command\AbstractCommand.php:88
Previous:
RuntimeException: Syntax error in C:\xampp\htdocs\blogshop_project\wp-content\plugins\payoneer-checkout\modules\inpsyde\payoneer-sdk\src\Client\JsonCodecTrait.php:43 CONTEXT: {"exception":{}}
2025-11-20T04:00:42+00:00 INFO Started creating list session.
2025-11-20T04:00:43+00:00 ERROR Failed to create LIST session. Exception caught: Syde\Vendor\Inpsyde\PayoneerSdk\Api\Command\Exception\CommandException: Problem validating response in C:\xampp\htdocs\blogshop_project\wp-content\plugins\payoneer-checkout\modules\inpsyde\payoneer-sdk\src\Api\Command\AbstractCommand.php:88
Previous:
RuntimeException: Syntax error in C:\xampp\htdocs\blogshop_project\wp-content\plugins\payoneer-checkout\modules\inpsyde\payoneer-sdk\src\Client\JsonCodecTrait.php:43 CONTEXT: {"exception":{}}
2025-11-20T04:00:43+00:00 INFO Started creating list session.
2025-11-20T04:00:43+00:00 ERROR Failed to create LIST session. Exception caught: Syde\Vendor\Inpsyde\PayoneerSdk\Api\Command\Exception\CommandException: Problem validating response in C:\xampp\htdocs\blogshop_project\wp-content\plugins\payoneer-checkout\modules\inpsyde\payoneer-sdk\src\Api\Command\AbstractCommand.php:88
Previous:
RuntimeException: Syntax error in C:\xampp\htdocs\blogshop_project\wp-content\plugins\payoneer-checkout\modules\inpsyde\payoneer-sdk\src\Client\JsonCodecTrait.php:43 CONTEXT: {"exception":{}}
2025-11-20T04:00:43+00:00 INFO Started creating list session.
2025-11-20T04:00:44+00:00 ERROR Failed to create LIST session. Exception caught: Syde\Vendor\Inpsyde\PayoneerSdk\Api\Command\Exception\CommandException: Problem validating response in C:\xampp\htdocs\blogshop_project\wp-content\plugins\payoneer-checkout\modules\inpsyde\payoneer-sdk\src\Api\Command\AbstractCommand.php:88
Previous:
RuntimeException: Syntax error in C:\xampp\htdocs\blogshop_project\wp-content\plugins\payoneer-checkout\modules\inpsyde\payoneer-sdk\src\Client\JsonCodecTrait.php:43 CONTEXT: {"exception":{}}
2025-11-20T04:00:44+00:00 INFO Started creating list session.
2025-11-20T04:00:44+00:00 INFO Started creating list session.
2025-11-20T04:00:44+00:00 ERROR Failed to create LIST session. Exception caught: Syde\Vendor\Inpsyde\PayoneerSdk\Api\Command\Exception\CommandException: Problem validating response in C:\xampp\htdocs\blogshop_project\wp-content\plugins\payoneer-checkout\modules\inpsyde\payoneer-sdk\src\Api\Command\AbstractCommand.php:88
Previous:
RuntimeException: Syntax error in C:\xampp\htdocs\blogshop_project\wp-content\plugins\payoneer-checkout\modules\inpsyde\payoneer-sdk\src\Client\JsonCodecTrait.php:43 CONTEXT: {"exception":{}}
2025-11-20T04:00:44+00:00 INFO Started creating list session.
2025-11-20T04:00:45+00:00 ERROR Failed to create LIST session. Exception caught: Syde\Vendor\Inpsyde\PayoneerSdk\Api\Command\Exception\CommandException: Problem validating response in C:\xampp\htdocs\blogshop_project\wp-content\plugins\payoneer-checkout\modules\inpsyde\payoneer-sdk\src\Api\Command\AbstractCommand.php:88
Previous:
RuntimeException: Syntax error in C:\xampp\htdocs\blogshop_project\wp-content\plugins\payoneer-checkout\modules\inpsyde\payoneer-sdk\src\Client\JsonCodecTrait.php:43 CONTEXT: {"exception":{}}
2025-11-20T04:00:45+00:00 INFO Started creating list session.
2025-11-20T04:00:45+00:00 ERROR Failed to create LIST session. Exception caught: Syde\Vendor\Inpsyde\PayoneerSdk\Api\Command\Exception\CommandException: Problem validating response in C:\xampp\htdocs\blogshop_project\wp-content\plugins\payoneer-checkout\modules\inpsyde\payoneer-sdk\src\Api\Command\AbstractCommand.php:88
Previous:
RuntimeException: Syntax error in C:\xampp\htdocs\blogshop_project\wp-content\plugins\payoneer-checkout\modules\inpsyde\payoneer-sdk\src\Client\JsonCodecTrait.php:43 CONTEXT: {"exception":{}}
2025-11-20T04:00:45+00:00 INFO Started creating list session.
2025-11-20T04:00:45+00:00 ERROR Failed to create LIST session. Exception caught: Syde\Vendor\Inpsyde\PayoneerSdk\Api\Command\Exception\CommandException: Problem validating response in C:\xampp\htdocs\blogshop_project\wp-content\plugins\payoneer-checkout\modules\inpsyde\payoneer-sdk\src\Api\Command\AbstractCommand.php:88
Previous:
RuntimeException: Syntax error in C:\xampp\htdocs\blogshop_project\wp-content\plugins\payoneer-checkout\modules\inpsyde\payoneer-sdk\src\Client\JsonCodecTrait.php:43 CONTEXT: {"exception":{}}
2025-11-20T04:00:45+00:00 INFO Started creating list session.
2025-11-20T04:00:46+00:00 ERROR Failed to create LIST session. Exception caught: Syde\Vendor\Inpsyde\PayoneerSdk\Api\Command\Exception\CommandException: Problem validating response in C:\xampp\htdocs\blogshop_project\wp-content\plugins\payoneer-checkout\modules\inpsyde\payoneer-sdk\src\Api\Command\AbstractCommand.php:88
Previous:
RuntimeException: Syntax error in C:\xampp\htdocs\blogshop_project\wp-content\plugins\payoneer-checkout\modules\inpsyde\payoneer-sdk\src\Client\JsonCodecTrait.php:43 CONTEXT: {"exception":{}}
2025-11-20T04:00:46+00:00 INFO Started creating list session.
2025-11-20T04:00:46+00:00 ERROR Failed to create LIST session. Exception caught: Syde\Vendor\Inpsyde\PayoneerSdk\Api\Command\Exception\CommandException: Problem validating response in C:\xampp\htdocs\blogshop_project\wp-content\plugins\payoneer-checkout\modules\inpsyde\payoneer-sdk\src\Api\Command\AbstractCommand.php:88
Previous:
RuntimeException: Syntax error in C:\xampp\htdocs\blogshop_project\wp-content\plugins\payoneer-checkout\modules\inpsyde\payoneer-sdk\src\Client\JsonCodecTrait.php:43 CONTEXT: {"exception":{}}
2025-11-20T04:00:46+00:00 INFO Started creating list session.
2025-11-20T04:00:46+00:00 ERROR Failed to create LIST session. Exception caught: Syde\Vendor\Inpsyde\PayoneerSdk\Api\Command\Exception\CommandException: Problem validating response in C:\xampp\htdocs\blogshop_project\wp-content\plugins\payoneer-checkout\modules\inpsyde\payoneer-sdk\src\Api\Command\AbstractCommand.php:88
Previous:
RuntimeException: Syntax error in C:\xampp\htdocs\blogshop_project\wp-content\plugins\payoneer-checkout\modules\inpsyde\payoneer-sdk\src\Client\JsonCodecTrait.php:43 CONTEXT: {"exception":{}}
2025-11-20T04:00:46+00:00 INFO Started creating list session.
2025-11-20T04:00:47+00:00 ERROR Failed to create LIST session. Exception caught: Syde\Vendor\Inpsyde\PayoneerSdk\Api\Command\Exception\CommandException: Problem validating response in C:\xampp\htdocs\blogshop_project\wp-content\plugins\payoneer-checkout\modules\inpsyde\payoneer-sdk\src\Api\Command\AbstractCommand.php:88
Previous:
RuntimeException: Syntax error in C:\xampp\htdocs\blogshop_project\wp-content\plugins\payoneer-checkout\modules\inpsyde\payoneer-sdk\src\Client\JsonCodecTrait.php:43 CONTEXT: {"exception":{}}
2025-11-20T04:00:47+00:00 INFO Started creating list session.
2025-11-20T04:00:47+00:00 ERROR Failed to create LIST session. Exception caught: Syde\Vendor\Inpsyde\PayoneerSdk\Api\Command\Exception\CommandException: Problem validating response in C:\xampp\htdocs\blogshop_project\wp-content\plugins\payoneer-checkout\modules\inpsyde\payoneer-sdk\src\Api\Command\AbstractCommand.php:88
Previous:
RuntimeException: Syntax error in C:\xampp\htdocs\blogshop_project\wp-content\plugins\payoneer-checkout\modules\inpsyde\payoneer-sdk\src\Client\JsonCodecTrait.php:43 CONTEXT: {"exception":{}}
2025-11-20T04:00:47+00:00 INFO Started creating list session.
2025-11-20T04:00:47+00:00 ERROR Failed to create LIST session. Exception caught: Syde\Vendor\Inpsyde\PayoneerSdk\Api\Command\Exception\CommandException: Problem validating response in C:\xampp\htdocs\blogshop_project\wp-content\plugins\payoneer-checkout\modules\inpsyde\payoneer-sdk\src\Api\Command\AbstractCommand.php:88
Previous:
RuntimeException: Syntax error in C:\xampp\htdocs\blogshop_project\wp-content\plugins\payoneer-checkout\modules\inpsyde\payoneer-sdk\src\Client\JsonCodecTrait.php:43 CONTEXT: {"exception":{}}
2025-11-20T04:00:47+00:00 INFO Started creating list session.
2025-11-20T04:00:48+00:00 ERROR Failed to create LIST session. Exception caught: Syde\Vendor\Inpsyde\PayoneerSdk\Api\Command\Exception\CommandException: Problem validating response in C:\xampp\htdocs\blogshop_project\wp-content\plugins\payoneer-checkout\modules\inpsyde\payoneer-sdk\src\Api\Command\AbstractCommand.php:88
Previous:
RuntimeException: Syntax error in C:\xampp\htdocs\blogshop_project\wp-content\plugins\payoneer-checkout\modules\inpsyde\payoneer-sdk\src\Client\JsonCodecTrait.php:43 CONTEXT: {"exception":{}}
2025-11-20T04:00:48+00:00 INFO Started creating list session.
2025-11-20T04:00:49+00:00 ERROR Failed to create LIST session. Exception caught: Syde\Vendor\Inpsyde\PayoneerSdk\Api\Command\Exception\CommandException: Problem validating response in C:\xampp\htdocs\blogshop_project\wp-content\plugins\payoneer-checkout\modules\inpsyde\payoneer-sdk\src\Api\Command\AbstractCommand.php:88
Previous:
RuntimeException: Syntax error in C:\xampp\htdocs\blogshop_project\wp-content\plugins\payoneer-checkout\modules\inpsyde\payoneer-sdk\src\Client\JsonCodecTrait.php:43 CONTEXT: {"exception":{}}
2025-11-20T04:00:49+00:00 INFO Started creating list session.
2025-11-20T04:00:49+00:00 ERROR Failed to create LIST session. Exception caught: Syde\Vendor\Inpsyde\PayoneerSdk\Api\Command\Exception\CommandException: Problem validating response in C:\xampp\htdocs\blogshop_project\wp-content\plugins\payoneer-checkout\modules\inpsyde\payoneer-sdk\src\Api\Command\AbstractCommand.php:88
Previous:
RuntimeException: Syntax error in C:\xampp\htdocs\blogshop_project\wp-content\plugins\payoneer-checkout\modules\inpsyde\payoneer-sdk\src\Client\JsonCodecTrait.php:43 CONTEXT: {"exception":{}}
2025-11-20T04:00:49+00:00 ERROR Failed to create LIST session. Exception caught: Syde\Vendor\Inpsyde\PayoneerSdk\Api\Command\Exception\CommandException: Problem validating response in C:\xampp\htdocs\blogshop_project\wp-content\plugins\payoneer-checkout\modules\inpsyde\payoneer-sdk\src\Api\Command\AbstractCommand.php:88
Previous:
RuntimeException: Syntax error in C:\xampp\htdocs\blogshop_project\wp-content\plugins\payoneer-checkout\modules\inpsyde\payoneer-sdk\src\Client\JsonCodecTrait.php:43 CONTEXT: {"exception":{}}
2025-11-20T04:00:49+00:00 INFO Started creating list session.
2025-11-20T04:00:50+00:00 ERROR Failed to create LIST session. Exception caught: Syde\Vendor\Inpsyde\PayoneerSdk\Api\Command\Exception\CommandException: Problem validating response in C:\xampp\htdocs\blogshop_project\wp-content\plugins\payoneer-checkout\modules\inpsyde\payoneer-sdk\src\Api\Command\AbstractCommand.php:88
Previous:
RuntimeException: Syntax error in C:\xampp\htdocs\blogshop_project\wp-content\plugins\payoneer-checkout\modules\inpsyde\payoneer-sdk\src\Client\JsonCodecTrait.php:43 CONTEXT: {"exception":{}}
2025-11-20T04:00:50+00:00 INFO Started creating list session.
2025-11-20T04:00:50+00:00 INFO Started creating list session.
2025-11-20T04:00:50+00:00 ERROR Failed to create LIST session. Exception caught: Syde\Vendor\Inpsyde\PayoneerSdk\Api\Command\Exception\CommandException: Problem validating response in C:\xampp\htdocs\blogshop_project\wp-content\plugins\payoneer-checkout\modules\inpsyde\payoneer-sdk\src\Api\Command\AbstractCommand.php:88
Previous:
RuntimeException: Syntax error in C:\xampp\htdocs\blogshop_project\wp-content\plugins\payoneer-checkout\modules\inpsyde\payoneer-sdk\src\Client\JsonCodecTrait.php:43 CONTEXT: {"exception":{}}
2025-11-20T04:00:50+00:00 INFO Started creating list session.
2025-11-20T04:00:51+00:00 ERROR Failed to create LIST session. Exception caught: Syde\Vendor\Inpsyde\PayoneerSdk\Api\Command\Exception\CommandException: Problem validating response in C:\xampp\htdocs\blogshop_project\wp-content\plugins\payoneer-checkout\modules\inpsyde\payoneer-sdk\src\Api\Command\AbstractCommand.php:88
Previous:
RuntimeException: Syntax error in C:\xampp\htdocs\blogshop_project\wp-content\plugins\payoneer-checkout\modules\inpsyde\payoneer-sdk\src\Client\JsonCodecTrait.php:43 CONTEXT: {"exception":{}}
2025-11-20T04:00:51+00:00 INFO Started creating list session.
2025-11-20T04:00:51+00:00 ERROR Failed to create LIST session. Exception caught: Syde\Vendor\Inpsyde\PayoneerSdk\Api\Command\Exception\CommandException: Problem validating response in C:\xampp\htdocs\blogshop_project\wp-content\plugins\payoneer-checkout\modules\inpsyde\payoneer-sdk\src\Api\Command\AbstractCommand.php:88
Previous:
RuntimeException: Syntax error in C:\xampp\htdocs\blogshop_project\wp-content\plugins\payoneer-checkout\modules\inpsyde\payoneer-sdk\src\Client\JsonCodecTrait.php:43 CONTEXT: {"exception":{}}
2025-11-20T04:00:51+00:00 INFO Started creating list session.
2025-11-20T04:00:51+00:00 ERROR Failed to create LIST session. Exception caught: Syde\Vendor\Inpsyde\PayoneerSdk\Api\Command\Exception\CommandException: Problem validating response in C:\xampp\htdocs\blogshop_project\wp-content\plugins\payoneer-checkout\modules\inpsyde\payoneer-sdk\src\Api\Command\AbstractCommand.php:88
Previous:
RuntimeException: Syntax error in C:\xampp\htdocs\blogshop_project\wp-content\plugins\payoneer-checkout\modules\inpsyde\payoneer-sdk\src\Client\JsonCodecTrait.php:43 CONTEXT: {"exception":{}}
2025-11-20T04:00:51+00:00 INFO Started creating list session.
2025-11-20T04:00:52+00:00 ERROR Failed to create LIST session. Exception caught: Syde\Vendor\Inpsyde\PayoneerSdk\Api\Command\Exception\CommandException: Problem validating response in C:\xampp\htdocs\blogshop_project\wp-content\plugins\payoneer-checkout\modules\inpsyde\payoneer-sdk\src\Api\Command\AbstractCommand.php:88
Previous:
RuntimeException: Syntax error in C:\xampp\htdocs\blogshop_project\wp-content\plugins\payoneer-checkout\modules\inpsyde\payoneer-sdk\src\Client\JsonCodecTrait.php:43 CONTEXT: {"exception":{}}
2025-11-20T04:00:52+00:00 INFO Started creating list session.
2025-11-20T04:00:52+00:00 ERROR Failed to create LIST session. Exception caught: Syde\Vendor\Inpsyde\PayoneerSdk\Api\Command\Exception\CommandException: Problem validating response in C:\xampp\htdocs\blogshop_project\wp-content\plugins\payoneer-checkout\modules\inpsyde\payoneer-sdk\src\Api\Command\AbstractCommand.php:88
Previous:
RuntimeException: Syntax error in C:\xampp\htdocs\blogshop_project\wp-content\plugins\payoneer-checkout\modules\inpsyde\payoneer-sdk\src\Client\JsonCodecTrait.php:43 CONTEXT: {"exception":{}}
2025-11-20T04:00:52+00:00 INFO Started creating list session.
2025-11-20T04:00:52+00:00 ERROR Failed to create LIST session. Exception caught: Syde\Vendor\Inpsyde\PayoneerSdk\Api\Command\Exception\CommandException: Problem validating response in C:\xampp\htdocs\blogshop_project\wp-content\plugins\payoneer-checkout\modules\inpsyde\payoneer-sdk\src\Api\Command\AbstractCommand.php:88
Previous:
RuntimeException: Syntax error in C:\xampp\htdocs\blogshop_project\wp-content\plugins\payoneer-checkout\modules\inpsyde\payoneer-sdk\src\Client\JsonCodecTrait.php:43 CONTEXT: {"exception":{}}
2025-11-20T04:00:52+00:00 INFO Started creating list session.
2025-11-20T04:00:53+00:00 ERROR Failed to create LIST session. Exception caught: Syde\Vendor\Inpsyde\PayoneerSdk\Api\Command\Exception\CommandException: Problem validating response in C:\xampp\htdocs\blogshop_project\wp-content\plugins\payoneer-checkout\modules\inpsyde\payoneer-sdk\src\Api\Command\AbstractCommand.php:88
Previous:
RuntimeException: Syntax error in C:\xampp\htdocs\blogshop_project\wp-content\plugins\payoneer-checkout\modules\inpsyde\payoneer-sdk\src\Client\JsonCodecTrait.php:43 CONTEXT: {"exception":{}}
2025-11-20T04:00:53+00:00 INFO Started creating list session.
2025-11-20T04:00:53+00:00 ERROR Failed to create LIST session. Exception caught: Syde\Vendor\Inpsyde\PayoneerSdk\Api\Command\Exception\CommandException: Problem validating response in C:\xampp\htdocs\blogshop_project\wp-content\plugins\payoneer-checkout\modules\inpsyde\payoneer-sdk\src\Api\Command\AbstractCommand.php:88
Previous:
RuntimeException: Syntax error in C:\xampp\htdocs\blogshop_project\wp-content\plugins\payoneer-checkout\modules\inpsyde\payoneer-sdk\src\Client\JsonCodecTrait.php:43 CONTEXT: {"exception":{}}
2025-11-20T04:00:53+00:00 INFO Started creating list session.
2025-11-20T04:00:53+00:00 ERROR Failed to create LIST session. Exception caught: Syde\Vendor\Inpsyde\PayoneerSdk\Api\Command\Exception\CommandException: Problem validating response in C:\xampp\htdocs\blogshop_project\wp-content\plugins\payoneer-checkout\modules\inpsyde\payoneer-sdk\src\Api\Command\AbstractCommand.php:88
Previous:
RuntimeException: Syntax error in C:\xampp\htdocs\blogshop_project\wp-content\plugins\payoneer-checkout\modules\inpsyde\payoneer-sdk\src\Client\JsonCodecTrait.php:43 CONTEXT: {"exception":{}}
2025-11-20T04:00:53+00:00 INFO Started creating list session.
2025-11-20T04:00:54+00:00 ERROR Failed to create LIST session. Exception caught: Syde\Vendor\Inpsyde\PayoneerSdk\Api\Command\Exception\CommandException: Problem validating response in C:\xampp\htdocs\blogshop_project\wp-content\plugins\payoneer-checkout\modules\inpsyde\payoneer-sdk\src\Api\Command\AbstractCommand.php:88
Previous:
RuntimeException: Syntax error in C:\xampp\htdocs\blogshop_project\wp-content\plugins\payoneer-checkout\modules\inpsyde\payoneer-sdk\src\Client\JsonCodecTrait.php:43 CONTEXT: {"exception":{}}
2025-11-20T04:00:54+00:00 ERROR Failed to create LIST session. Exception caught: Syde\Vendor\Inpsyde\PayoneerSdk\Api\Command\Exception\CommandException: Problem validating response in C:\xampp\htdocs\blogshop_project\wp-content\plugins\payoneer-checkout\modules\inpsyde\payoneer-sdk\src\Api\Command\AbstractCommand.php:88
Previous:
RuntimeException: Syntax error in C:\xampp\htdocs\blogshop_project\wp-content\plugins\payoneer-checkout\modules\inpsyde\payoneer-sdk\src\Client\JsonCodecTrait.php:43 CONTEXT: {"exception":{}}
2025-11-20T04:00:54+00:00 INFO Started creating list session.
2025-11-20T04:00:54+00:00 ERROR Failed to create LIST session. Exception caught: Syde\Vendor\Inpsyde\PayoneerSdk\Api\Command\Exception\CommandException: Problem validating response in C:\xampp\htdocs\blogshop_project\wp-content\plugins\payoneer-checkout\modules\inpsyde\payoneer-sdk\src\Api\Command\AbstractCommand.php:88
Previous:
RuntimeException: Syntax error in C:\xampp\htdocs\blogshop_project\wp-content\plugins\payoneer-checkout\modules\inpsyde\payoneer-sdk\src\Client\JsonCodecTrait.php:43 CONTEXT: {"exception":{}}
2025-11-20T04:00:54+00:00 INFO Started creating list session.
2025-11-20T04:00:55+00:00 INFO Started creating list session.
2025-11-20T04:00:56+00:00 ERROR Failed to create LIST session. Exception caught: Syde\Vendor\Inpsyde\PayoneerSdk\Api\Command\Exception\CommandException: Problem validating response in C:\xampp\htdocs\blogshop_project\wp-content\plugins\payoneer-checkout\modules\inpsyde\payoneer-sdk\src\Api\Command\AbstractCommand.php:88
Previous:
RuntimeException: Syntax error in C:\xampp\htdocs\blogshop_project\wp-content\plugins\payoneer-checkout\modules\inpsyde\payoneer-sdk\src\Client\JsonCodecTrait.php:43 CONTEXT: {"exception":{}}
2025-11-20T04:00:56+00:00 INFO Started creating list session.
2025-11-20T04:00:56+00:00 ERROR Failed to create LIST session. Exception caught: Syde\Vendor\Inpsyde\PayoneerSdk\Api\Command\Exception\CommandException: Problem validating response in C:\xampp\htdocs\blogshop_project\wp-content\plugins\payoneer-checkout\modules\inpsyde\payoneer-sdk\src\Api\Command\AbstractCommand.php:88
Previous:
RuntimeException: Syntax error in C:\xampp\htdocs\blogshop_project\wp-content\plugins\payoneer-checkout\modules\inpsyde\payoneer-sdk\src\Client\JsonCodecTrait.php:43 CONTEXT: {"exception":{}}
2025-11-20T04:00:56+00:00 INFO Started creating list session.
2025-11-20T04:00:56+00:00 ERROR Failed to create LIST session. Exception caught: Syde\Vendor\Inpsyde\PayoneerSdk\Api\Command\Exception\CommandException: Problem validating response in C:\xampp\htdocs\blogshop_project\wp-content\plugins\payoneer-checkout\modules\inpsyde\payoneer-sdk\src\Api\Command\AbstractCommand.php:88
Previous:
RuntimeException: Syntax error in C:\xampp\htdocs\blogshop_project\wp-content\plugins\payoneer-checkout\modules\inpsyde\payoneer-sdk\src\Client\JsonCodecTrait.php:43 CONTEXT: {"exception":{}}
2025-11-20T04:00:56+00:00 INFO Started creating list session.
2025-11-20T04:00:57+00:00 ERROR Failed to create LIST session. Exception caught: Syde\Vendor\Inpsyde\PayoneerSdk\Api\Command\Exception\CommandException: Problem validating response in C:\xampp\htdocs\blogshop_project\wp-content\plugins\payoneer-checkout\modules\inpsyde\payoneer-sdk\src\Api\Command\AbstractCommand.php:88
Previous:
RuntimeException: Syntax error in C:\xampp\htdocs\blogshop_project\wp-content\plugins\payoneer-checkout\modules\inpsyde\payoneer-sdk\src\Client\JsonCodecTrait.php:43 CONTEXT: {"exception":{}}
2025-11-20T04:00:57+00:00 ERROR Failed to create LIST session. Exception caught: Syde\Vendor\Inpsyde\PayoneerSdk\Api\Command\Exception\CommandException: Problem validating response in C:\xampp\htdocs\blogshop_project\wp-content\plugins\payoneer-checkout\modules\inpsyde\payoneer-sdk\src\Api\Command\AbstractCommand.php:88
Previous:
RuntimeException: Syntax error in C:\xampp\htdocs\blogshop_project\wp-content\plugins\payoneer-checkout\modules\inpsyde\payoneer-sdk\src\Client\JsonCodecTrait.php:43 CONTEXT: {"exception":{}}
2025-11-20T04:00:57+00:00 INFO Started creating list session.
2025-11-20T04:00:57+00:00 INFO Started creating list session.
2025-11-20T04:00:57+00:00 ERROR Failed to create LIST session. Exception caught: Syde\Vendor\Inpsyde\PayoneerSdk\Api\Command\Exception\CommandException: Problem validating response in C:\xampp\htdocs\blogshop_project\wp-content\plugins\payoneer-checkout\modules\inpsyde\payoneer-sdk\src\Api\Command\AbstractCommand.php:88
Previous:
RuntimeException: Syntax error in C:\xampp\htdocs\blogshop_project\wp-content\plugins\payoneer-checkout\modules\inpsyde\payoneer-sdk\src\Client\JsonCodecTrait.php:43 CONTEXT: {"exception":{}}
2025-11-20T04:00:57+00:00 INFO Started creating list session.
2025-11-20T04:00:58+00:00 ERROR Failed to create LIST session. Exception caught: Syde\Vendor\Inpsyde\PayoneerSdk\Api\Command\Exception\CommandException: Problem validating response in C:\xampp\htdocs\blogshop_project\wp-content\plugins\payoneer-checkout\modules\inpsyde\payoneer-sdk\src\Api\Command\AbstractCommand.php:88
Previous:
RuntimeException: Syntax error in C:\xampp\htdocs\blogshop_project\wp-content\plugins\payoneer-checkout\modules\inpsyde\payoneer-sdk\src\Client\JsonCodecTrait.php:43 CONTEXT: {"exception":{}}
2025-11-20T04:00:58+00:00 INFO Started creating list session.
2025-11-20T04:00:58+00:00 ERROR Failed to create LIST session. Exception caught: Syde\Vendor\Inpsyde\PayoneerSdk\Api\Command\Exception\CommandException: Problem validating response in C:\xampp\htdocs\blogshop_project\wp-content\plugins\payoneer-checkout\modules\inpsyde\payoneer-sdk\src\Api\Command\AbstractCommand.php:88
Previous:
RuntimeException: Syntax error in C:\xampp\htdocs\blogshop_project\wp-content\plugins\payoneer-checkout\modules\inpsyde\payoneer-sdk\src\Client\JsonCodecTrait.php:43 CONTEXT: {"exception":{}}
2025-11-20T04:00:58+00:00 INFO Started creating list session.
2025-11-20T04:00:58+00:00 ERROR Failed to create LIST session. Exception caught: Syde\Vendor\Inpsyde\PayoneerSdk\Api\Command\Exception\CommandException: Problem validating response in C:\xampp\htdocs\blogshop_project\wp-content\plugins\payoneer-checkout\modules\inpsyde\payoneer-sdk\src\Api\Command\AbstractCommand.php:88
Previous:
RuntimeException: Syntax error in C:\xampp\htdocs\blogshop_project\wp-content\plugins\payoneer-checkout\modules\inpsyde\payoneer-sdk\src\Client\JsonCodecTrait.php:43 CONTEXT: {"exception":{}}
2025-11-20T04:00:58+00:00 INFO Started creating list session.
2025-11-20T04:00:59+00:00 ERROR Failed to create LIST session. Exception caught: Syde\Vendor\Inpsyde\PayoneerSdk\Api\Command\Exception\CommandException: Problem validating response in C:\xampp\htdocs\blogshop_project\wp-content\plugins\payoneer-checkout\modules\inpsyde\payoneer-sdk\src\Api\Command\AbstractCommand.php:88
Previous:
RuntimeException: Syntax error in C:\xampp\htdocs\blogshop_project\wp-content\plugins\payoneer-checkout\modules\inpsyde\payoneer-sdk\src\Client\JsonCodecTrait.php:43 CONTEXT: {"exception":{}}
2025-11-20T04:00:59+00:00 INFO Started creating list session.
2025-11-20T04:00:59+00:00 ERROR Failed to create LIST session. Exception caught: Syde\Vendor\Inpsyde\PayoneerSdk\Api\Command\Exception\CommandException: Problem validating response in C:\xampp\htdocs\blogshop_project\wp-content\plugins\payoneer-checkout\modules\inpsyde\payoneer-sdk\src\Api\Command\AbstractCommand.php:88
Previous:
RuntimeException: Syntax error in C:\xampp\htdocs\blogshop_project\wp-content\plugins\payoneer-checkout\modules\inpsyde\payoneer-sdk\src\Client\JsonCodecTrait.php:43 CONTEXT: {"exception":{}}
2025-11-20T04:00:59+00:00 INFO Started creating list session.
2025-11-20T04:00:59+00:00 ERROR Failed to create LIST session. Exception caught: Syde\Vendor\Inpsyde\PayoneerSdk\Api\Command\Exception\CommandException: Problem validating response in C:\xampp\htdocs\blogshop_project\wp-content\plugins\payoneer-checkout\modules\inpsyde\payoneer-sdk\src\Api\Command\AbstractCommand.php:88
Previous:
RuntimeException: Syntax error in C:\xampp\htdocs\blogshop_project\wp-content\plugins\payoneer-checkout\modules\inpsyde\payoneer-sdk\src\Client\JsonCodecTrait.php:43 CONTEXT: {"exception":{}}
2025-11-20T04:00:59+00:00 INFO Started creating list session.
2025-11-20T04:01:00+00:00 ERROR Failed to create LIST session. Exception caught: Syde\Vendor\Inpsyde\PayoneerSdk\Api\Command\Exception\CommandException: Problem validating response in C:\xampp\htdocs\blogshop_project\wp-content\plugins\payoneer-checkout\modules\inpsyde\payoneer-sdk\src\Api\Command\AbstractCommand.php:88
Previous:
RuntimeException: Syntax error in C:\xampp\htdocs\blogshop_project\wp-content\plugins\payoneer-checkout\modules\inpsyde\payoneer-sdk\src\Client\JsonCodecTrait.php:43 CONTEXT: {"exception":{}}
2025-11-20T04:01:00+00:00 INFO Started creating list session.
2025-11-20T04:01:00+00:00 ERROR Failed to create LIST session. Exception caught: Syde\Vendor\Inpsyde\PayoneerSdk\Api\Command\Exception\CommandException: Problem validating response in C:\xampp\htdocs\blogshop_project\wp-content\plugins\payoneer-checkout\modules\inpsyde\payoneer-sdk\src\Api\Command\AbstractCommand.php:88
Previous:
RuntimeException: Syntax error in C:\xampp\htdocs\blogshop_project\wp-content\plugins\payoneer-checkout\modules\inpsyde\payoneer-sdk\src\Client\JsonCodecTrait.php:43 CONTEXT: {"exception":{}}
2025-11-20T04:01:00+00:00 ERROR Failed to create LIST session. Exception caught: Syde\Vendor\Inpsyde\PayoneerSdk\Api\Command\Exception\CommandException: Problem validating response in C:\xampp\htdocs\blogshop_project\wp-content\plugins\payoneer-checkout\modules\inpsyde\payoneer-sdk\src\Api\Command\AbstractCommand.php:88
Previous:
RuntimeException: Syntax error in C:\xampp\htdocs\blogshop_project\wp-content\plugins\payoneer-checkout\modules\inpsyde\payoneer-sdk\src\Client\JsonCodecTrait.php:43 CONTEXT: {"exception":{}}
2025-11-20T04:01:00+00:00 INFO Started creating list session.
2025-11-20T04:01:01+00:00 ERROR Failed to create LIST session. Exception caught: Syde\Vendor\Inpsyde\PayoneerSdk\Api\Command\Exception\CommandException: Problem validating response in C:\xampp\htdocs\blogshop_project\wp-content\plugins\payoneer-checkout\modules\inpsyde\payoneer-sdk\src\Api\Command\AbstractCommand.php:88
Previous:
RuntimeException: Syntax error in C:\xampp\htdocs\blogshop_project\wp-content\plugins\payoneer-checkout\modules\inpsyde\payoneer-sdk\src\Client\JsonCodecTrait.php:43 CONTEXT: {"exception":{}}
2025-11-20T04:01:01+00:00 ERROR Failed to create LIST session. Exception caught: Syde\Vendor\Inpsyde\PayoneerSdk\Api\Command\Exception\CommandException: Problem validating response in C:\xampp\htdocs\blogshop_project\wp-content\plugins\payoneer-checkout\modules\inpsyde\payoneer-sdk\src\Api\Command\AbstractCommand.php:88
Previous:
RuntimeException: Syntax error in C:\xampp\htdocs\blogshop_project\wp-content\plugins\payoneer-checkout\modules\inpsyde\payoneer-sdk\src\Client\JsonCodecTrait.php:43 CONTEXT: {"exception":{}}
2025-11-20T04:01:01+00:00 INFO Started creating list session.
2025-11-20T04:01:02+00:00 ERROR Failed to create LIST session. Exception caught: Syde\Vendor\Inpsyde\PayoneerSdk\Api\Command\Exception\CommandException: Problem validating response in C:\xampp\htdocs\blogshop_project\wp-content\plugins\payoneer-checkout\modules\inpsyde\payoneer-sdk\src\Api\Command\AbstractCommand.php:88
Previous:
RuntimeException: Syntax error in C:\xampp\htdocs\blogshop_project\wp-content\plugins\payoneer-checkout\modules\inpsyde\payoneer-sdk\src\Client\JsonCodecTrait.php:43 CONTEXT: {"exception":{}}
2025-11-20T04:01:02+00:00 INFO Started creating list session.
2025-11-20T04:01:03+00:00 ERROR Failed to create LIST session. Exception caught: Syde\Vendor\Inpsyde\PayoneerSdk\Api\Command\Exception\CommandException: Problem validating response in C:\xampp\htdocs\blogshop_project\wp-content\plugins\payoneer-checkout\modules\inpsyde\payoneer-sdk\src\Api\Command\AbstractCommand.php:88
Previous:
RuntimeException: Syntax error in C:\xampp\htdocs\blogshop_project\wp-content\plugins\payoneer-checkout\modules\inpsyde\payoneer-sdk\src\Client\JsonCodecTrait.php:43 CONTEXT: {"exception":{}}
2025-11-20T04:01:03+00:00 INFO Started creating list session.
2025-11-20T04:01:04+00:00 INFO Started creating list session.
2025-11-20T04:01:04+00:00 ERROR Failed to create LIST session. Exception caught: Syde\Vendor\Inpsyde\PayoneerSdk\Api\Command\Exception\CommandException: Problem validating response in C:\xampp\htdocs\blogshop_project\wp-content\plugins\payoneer-checkout\modules\inpsyde\payoneer-sdk\src\Api\Command\AbstractCommand.php:88
Previous:
RuntimeException: Syntax error in C:\xampp\htdocs\blogshop_project\wp-content\plugins\payoneer-checkout\modules\inpsyde\payoneer-sdk\src\Client\JsonCodecTrait.php:43 CONTEXT: {"exception":{}}
2025-11-20T04:01:05+00:00 ERROR Failed to create LIST session. Exception caught: Syde\Vendor\Inpsyde\PayoneerSdk\Api\Command\Exception\CommandException: Problem validating response in C:\xampp\htdocs\blogshop_project\wp-content\plugins\payoneer-checkout\modules\inpsyde\payoneer-sdk\src\Api\Command\AbstractCommand.php:88
Previous:
RuntimeException: Syntax error in C:\xampp\htdocs\blogshop_project\wp-content\plugins\payoneer-checkout\modules\inpsyde\payoneer-sdk\src\Client\JsonCodecTrait.php:43 CONTEXT: {"exception":{}}
2025-11-20T04:01:05+00:00 INFO Started creating list session.
2025-11-20T04:01:06+00:00 ERROR Failed to create LIST session. Exception caught: Syde\Vendor\Inpsyde\PayoneerSdk\Api\Command\Exception\CommandException: Problem validating response in C:\xampp\htdocs\blogshop_project\wp-content\plugins\payoneer-checkout\modules\inpsyde\payoneer-sdk\src\Api\Command\AbstractCommand.php:88
Previous:
RuntimeException: Syntax error in C:\xampp\htdocs\blogshop_project\wp-content\plugins\payoneer-checkout\modules\inpsyde\payoneer-sdk\src\Client\JsonCodecTrait.php:43 CONTEXT: {"exception":{}}
2025-11-20T04:01:06+00:00 INFO Started creating list session.
2025-11-20T04:01:07+00:00 ERROR Failed to create LIST session. Exception caught: Syde\Vendor\Inpsyde\PayoneerSdk\Api\Command\Exception\CommandException: Problem validating response in C:\xampp\htdocs\blogshop_project\wp-content\plugins\payoneer-checkout\modules\inpsyde\payoneer-sdk\src\Api\Command\AbstractCommand.php:88
Previous:
RuntimeException: Syntax error in C:\xampp\htdocs\blogshop_project\wp-content\plugins\payoneer-checkout\modules\inpsyde\payoneer-sdk\src\Client\JsonCodecTrait.php:43 CONTEXT: {"exception":{}}
2025-11-20T04:01:07+00:00 INFO Started creating list session.
2025-11-20T04:01:08+00:00 ERROR Failed to create LIST session. Exception caught: Syde\Vendor\Inpsyde\PayoneerSdk\Api\Command\Exception\CommandException: Problem validating response in C:\xampp\htdocs\blogshop_project\wp-content\plugins\payoneer-checkout\modules\inpsyde\payoneer-sdk\src\Api\Command\AbstractCommand.php:88
Previous:
RuntimeException: Syntax error in C:\xampp\htdocs\blogshop_project\wp-content\plugins\payoneer-checkout\modules\inpsyde\payoneer-sdk\src\Client\JsonCodecTrait.php:43 CONTEXT: {"exception":{}}
2025-11-20T04:01:08+00:00 INFO Started creating list session.
2025-11-20T04:01:09+00:00 ERROR Failed to create LIST session. Exception caught: Syde\Vendor\Inpsyde\PayoneerSdk\Api\Command\Exception\CommandException: Problem validating response in C:\xampp\htdocs\blogshop_project\wp-content\plugins\payoneer-checkout\modules\inpsyde\payoneer-sdk\src\Api\Command\AbstractCommand.php:88
Previous:
RuntimeException: Syntax error in C:\xampp\htdocs\blogshop_project\wp-content\plugins\payoneer-checkout\modules\inpsyde\payoneer-sdk\src\Client\JsonCodecTrait.php:43 CONTEXT: {"exception":{}}
2025-11-20T04:01:09+00:00 INFO Started creating list session.
2025-11-20T04:01:10+00:00 ERROR Failed to create LIST session. Exception caught: Syde\Vendor\Inpsyde\PayoneerSdk\Api\Command\Exception\CommandException: Problem validating response in C:\xampp\htdocs\blogshop_project\wp-content\plugins\payoneer-checkout\modules\inpsyde\payoneer-sdk\src\Api\Command\AbstractCommand.php:88
Previous:
RuntimeException: Syntax error in C:\xampp\htdocs\blogshop_project\wp-content\plugins\payoneer-checkout\modules\inpsyde\payoneer-sdk\src\Client\JsonCodecTrait.php:43 CONTEXT: {"exception":{}}
2025-11-20T04:01:10+00:00 INFO Started creating list session.
2025-11-20T04:01:10+00:00 ERROR Failed to create LIST session. Exception caught: Syde\Vendor\Inpsyde\PayoneerSdk\Api\Command\Exception\CommandException: Problem validating response in C:\xampp\htdocs\blogshop_project\wp-content\plugins\payoneer-checkout\modules\inpsyde\payoneer-sdk\src\Api\Command\AbstractCommand.php:88
Previous:
RuntimeException: Syntax error in C:\xampp\htdocs\blogshop_project\wp-content\plugins\payoneer-checkout\modules\inpsyde\payoneer-sdk\src\Client\JsonCodecTrait.php:43 CONTEXT: {"exception":{}}
2025-11-20T04:01:10+00:00 INFO Started creating list session.
2025-11-20T04:01:11+00:00 ERROR Failed to create LIST session. Exception caught: Syde\Vendor\Inpsyde\PayoneerSdk\Api\Command\Exception\CommandException: Problem validating response in C:\xampp\htdocs\blogshop_project\wp-content\plugins\payoneer-checkout\modules\inpsyde\payoneer-sdk\src\Api\Command\AbstractCommand.php:88
Previous:
RuntimeException: Syntax error in C:\xampp\htdocs\blogshop_project\wp-content\plugins\payoneer-checkout\modules\inpsyde\payoneer-sdk\src\Client\JsonCodecTrait.php:43 CONTEXT: {"exception":{}}
2025-11-20T04:01:11+00:00 INFO Started creating list session.
2025-11-20T04:01:12+00:00 ERROR Failed to create LIST session. Exception caught: Syde\Vendor\Inpsyde\PayoneerSdk\Api\Command\Exception\CommandException: Problem validating response in C:\xampp\htdocs\blogshop_project\wp-content\plugins\payoneer-checkout\modules\inpsyde\payoneer-sdk\src\Api\Command\AbstractCommand.php:88
Previous:
RuntimeException: Syntax error in C:\xampp\htdocs\blogshop_project\wp-content\plugins\payoneer-checkout\modules\inpsyde\payoneer-sdk\src\Client\JsonCodecTrait.php:43 CONTEXT: {"exception":{}}
2025-11-20T04:01:13+00:00 INFO Started creating list session.
2025-11-20T04:01:14+00:00 ERROR Failed to create LIST session. Exception caught: Syde\Vendor\Inpsyde\PayoneerSdk\Api\Command\Exception\CommandException: Problem validating response in C:\xampp\htdocs\blogshop_project\wp-content\plugins\payoneer-checkout\modules\inpsyde\payoneer-sdk\src\Api\Command\AbstractCommand.php:88
Previous:
RuntimeException: Syntax error in C:\xampp\htdocs\blogshop_project\wp-content\plugins\payoneer-checkout\modules\inpsyde\payoneer-sdk\src\Client\JsonCodecTrait.php:43 CONTEXT: {"exception":{}}
2025-11-20T04:01:14+00:00 INFO Started creating list session.
2025-11-20T04:01:15+00:00 ERROR Failed to create LIST session. Exception caught: Syde\Vendor\Inpsyde\PayoneerSdk\Api\Command\Exception\CommandException: Problem validating response in C:\xampp\htdocs\blogshop_project\wp-content\plugins\payoneer-checkout\modules\inpsyde\payoneer-sdk\src\Api\Command\AbstractCommand.php:88
Previous:
RuntimeException: Syntax error in C:\xampp\htdocs\blogshop_project\wp-content\plugins\payoneer-checkout\modules\inpsyde\payoneer-sdk\src\Client\JsonCodecTrait.php:43 CONTEXT: {"exception":{}}
2025-11-20T04:01:15+00:00 INFO Started creating list session.
2025-11-20T04:01:16+00:00 ERROR Failed to create LIST session. Exception caught: Syde\Vendor\Inpsyde\PayoneerSdk\Api\Command\Exception\CommandException: Problem validating response in C:\xampp\htdocs\blogshop_project\wp-content\plugins\payoneer-checkout\modules\inpsyde\payoneer-sdk\src\Api\Command\AbstractCommand.php:88
Previous:
RuntimeException: Syntax error in C:\xampp\htdocs\blogshop_project\wp-content\plugins\payoneer-checkout\modules\inpsyde\payoneer-sdk\src\Client\JsonCodecTrait.php:43 CONTEXT: {"exception":{}}
2025-11-20T04:01:16+00:00 INFO Started creating list session.
2025-11-20T04:01:17+00:00 ERROR Failed to create LIST session. Exception caught: Syde\Vendor\Inpsyde\PayoneerSdk\Api\Command\Exception\CommandException: Problem validating response in C:\xampp\htdocs\blogshop_project\wp-content\plugins\payoneer-checkout\modules\inpsyde\payoneer-sdk\src\Api\Command\AbstractCommand.php:88
Previous:
RuntimeException: Syntax error in C:\xampp\htdocs\blogshop_project\wp-content\plugins\payoneer-checkout\modules\inpsyde\payoneer-sdk\src\Client\JsonCodecTrait.php:43 CONTEXT: {"exception":{}}
2025-11-20T04:01:17+00:00 INFO Started creating list session.
2025-11-20T04:01:18+00:00 ERROR Failed to create LIST session. Exception caught: Syde\Vendor\Inpsyde\PayoneerSdk\Api\Command\Exception\CommandException: Problem validating response in C:\xampp\htdocs\blogshop_project\wp-content\plugins\payoneer-checkout\modules\inpsyde\payoneer-sdk\src\Api\Command\AbstractCommand.php:88
Previous:
RuntimeException: Syntax error in C:\xampp\htdocs\blogshop_project\wp-content\plugins\payoneer-checkout\modules\inpsyde\payoneer-sdk\src\Client\JsonCodecTrait.php:43 CONTEXT: {"exception":{}}
2025-11-20T04:01:18+00:00 INFO Started creating list session.
2025-11-20T04:01:18+00:00 ERROR Failed to create LIST session. Exception caught: Syde\Vendor\Inpsyde\PayoneerSdk\Api\Command\Exception\CommandException: Problem validating response in C:\xampp\htdocs\blogshop_project\wp-content\plugins\payoneer-checkout\modules\inpsyde\payoneer-sdk\src\Api\Command\AbstractCommand.php:88
Previous:
RuntimeException: Syntax error in C:\xampp\htdocs\blogshop_project\wp-content\plugins\payoneer-checkout\modules\inpsyde\payoneer-sdk\src\Client\JsonCodecTrait.php:43 CONTEXT: {"exception":{}}
2025-11-20T04:01:18+00:00 INFO Started creating list session.
2025-11-20T04:01:19+00:00 ERROR Failed to create LIST session. Exception caught: Syde\Vendor\Inpsyde\PayoneerSdk\Api\Command\Exception\CommandException: Problem validating response in C:\xampp\htdocs\blogshop_project\wp-content\plugins\payoneer-checkout\modules\inpsyde\payoneer-sdk\src\Api\Command\AbstractCommand.php:88
Previous:
RuntimeException: Syntax error in C:\xampp\htdocs\blogshop_project\wp-content\plugins\payoneer-checkout\modules\inpsyde\payoneer-sdk\src\Client\JsonCodecTrait.php:43 CONTEXT: {"exception":{}}
2025-11-20T04:01:19+00:00 INFO Started creating list session.
2025-11-20T04:01:20+00:00 ERROR Failed to create LIST session. Exception caught: Syde\Vendor\Inpsyde\PayoneerSdk\Api\Command\Exception\CommandException: Problem validating response in C:\xampp\htdocs\blogshop_project\wp-content\plugins\payoneer-checkout\modules\inpsyde\payoneer-sdk\src\Api\Command\AbstractCommand.php:88
Previous:
RuntimeException: Syntax error in C:\xampp\htdocs\blogshop_project\wp-content\plugins\payoneer-checkout\modules\inpsyde\payoneer-sdk\src\Client\JsonCodecTrait.php:43 CONTEXT: {"exception":{}}
2025-11-20T04:01:20+00:00 INFO Started creating list session.
2025-11-20T04:01:21+00:00 ERROR Failed to create LIST session. Exception caught: Syde\Vendor\Inpsyde\PayoneerSdk\Api\Command\Exception\CommandException: Problem validating response in C:\xampp\htdocs\blogshop_project\wp-content\plugins\payoneer-checkout\modules\inpsyde\payoneer-sdk\src\Api\Command\AbstractCommand.php:88
Previous:
RuntimeException: Syntax error in C:\xampp\htdocs\blogshop_project\wp-content\plugins\payoneer-checkout\modules\inpsyde\payoneer-sdk\src\Client\JsonCodecTrait.php:43 CONTEXT: {"exception":{}}
2025-11-20T04:01:21+00:00 INFO Started creating list session.
2025-11-20T04:01:22+00:00 ERROR Failed to create LIST session. Exception caught: Syde\Vendor\Inpsyde\PayoneerSdk\Api\Command\Exception\CommandException: Problem validating response in C:\xampp\htdocs\blogshop_project\wp-content\plugins\payoneer-checkout\modules\inpsyde\payoneer-sdk\src\Api\Command\AbstractCommand.php:88
Previous:
RuntimeException: Syntax error in C:\xampp\htdocs\blogshop_project\wp-content\plugins\payoneer-checkout\modules\inpsyde\payoneer-sdk\src\Client\JsonCodecTrait.php:43 CONTEXT: {"exception":{}}
2025-11-20T04:01:22+00:00 INFO Started creating list session.
2025-11-20T04:01:23+00:00 ERROR Failed to create LIST session. Exception caught: Syde\Vendor\Inpsyde\PayoneerSdk\Api\Command\Exception\CommandException: Problem validating response in C:\xampp\htdocs\blogshop_project\wp-content\plugins\payoneer-checkout\modules\inpsyde\payoneer-sdk\src\Api\Command\AbstractCommand.php:88
Previous:
RuntimeException: Syntax error in C:\xampp\htdocs\blogshop_project\wp-content\plugins\payoneer-checkout\modules\inpsyde\payoneer-sdk\src\Client\JsonCodecTrait.php:43 CONTEXT: {"exception":{}}
2025-11-20T04:01:23+00:00 INFO Started creating list session.
2025-11-20T04:01:24+00:00 ERROR Failed to create LIST session. Exception caught: Syde\Vendor\Inpsyde\PayoneerSdk\Api\Command\Exception\CommandException: Problem validating response in C:\xampp\htdocs\blogshop_project\wp-content\plugins\payoneer-checkout\modules\inpsyde\payoneer-sdk\src\Api\Command\AbstractCommand.php:88
Previous:
RuntimeException: Syntax error in C:\xampp\htdocs\blogshop_project\wp-content\plugins\payoneer-checkout\modules\inpsyde\payoneer-sdk\src\Client\JsonCodecTrait.php:43 CONTEXT: {"exception":{}}
2025-11-20T04:01:24+00:00 INFO Started creating list session.
2025-11-20T04:01:25+00:00 ERROR Failed to create LIST session. Exception caught: Syde\Vendor\Inpsyde\PayoneerSdk\Api\Command\Exception\CommandException: Problem validating response in C:\xampp\htdocs\blogshop_project\wp-content\plugins\payoneer-checkout\modules\inpsyde\payoneer-sdk\src\Api\Command\AbstractCommand.php:88
Previous:
RuntimeException: Syntax error in C:\xampp\htdocs\blogshop_project\wp-content\plugins\payoneer-checkout\modules\inpsyde\payoneer-sdk\src\Client\JsonCodecTrait.php:43 CONTEXT: {"exception":{}}
2025-11-20T04:01:25+00:00 INFO Started creating list session.
2025-11-20T04:01:26+00:00 ERROR Failed to create LIST session. Exception caught: Syde\Vendor\Inpsyde\PayoneerSdk\Api\Command\Exception\CommandException: Problem validating response in C:\xampp\htdocs\blogshop_project\wp-content\plugins\payoneer-checkout\modules\inpsyde\payoneer-sdk\src\Api\Command\AbstractCommand.php:88
Previous:
RuntimeException: Syntax error in C:\xampp\htdocs\blogshop_project\wp-content\plugins\payoneer-checkout\modules\inpsyde\payoneer-sdk\src\Client\JsonCodecTrait.php:43 CONTEXT: {"exception":{}}
2025-11-20T04:01:26+00:00 INFO Started creating list session.
2025-11-20T04:01:27+00:00 ERROR Failed to create LIST session. Exception caught: Syde\Vendor\Inpsyde\PayoneerSdk\Api\Command\Exception\CommandException: Problem validating response in C:\xampp\htdocs\blogshop_project\wp-content\plugins\payoneer-checkout\modules\inpsyde\payoneer-sdk\src\Api\Command\AbstractCommand.php:88
Previous:
RuntimeException: Syntax error in C:\xampp\htdocs\blogshop_project\wp-content\plugins\payoneer-checkout\modules\inpsyde\payoneer-sdk\src\Client\JsonCodecTrait.php:43 CONTEXT: {"exception":{}}
2025-11-20T04:01:27+00:00 INFO Started creating list session.
2025-11-20T04:01:28+00:00 ERROR Failed to create LIST session. Exception caught: Syde\Vendor\Inpsyde\PayoneerSdk\Api\Command\Exception\CommandException: Problem validating response in C:\xampp\htdocs\blogshop_project\wp-content\plugins\payoneer-checkout\modules\inpsyde\payoneer-sdk\src\Api\Command\AbstractCommand.php:88
Previous:
RuntimeException: Syntax error in C:\xampp\htdocs\blogshop_project\wp-content\plugins\payoneer-checkout\modules\inpsyde\payoneer-sdk\src\Client\JsonCodecTrait.php:43 CONTEXT: {"exception":{}}
2025-11-20T04:01:28+00:00 INFO Started creating list session.
2025-11-20T04:01:29+00:00 ERROR Failed to create LIST session. Exception caught: Syde\Vendor\Inpsyde\PayoneerSdk\Api\Command\Exception\CommandException: Problem validating response in C:\xampp\htdocs\blogshop_project\wp-content\plugins\payoneer-checkout\modules\inpsyde\payoneer-sdk\src\Api\Command\AbstractCommand.php:88
Previous:
RuntimeException: Syntax error in C:\xampp\htdocs\blogshop_project\wp-content\plugins\payoneer-checkout\modules\inpsyde\payoneer-sdk\src\Client\JsonCodecTrait.php:43 CONTEXT: {"exception":{}}
2025-11-20T04:01:29+00:00 INFO Started creating list session.
2025-11-20T04:01:29+00:00 ERROR Failed to create LIST session. Exception caught: Syde\Vendor\Inpsyde\PayoneerSdk\Api\Command\Exception\CommandException: Problem validating response in C:\xampp\htdocs\blogshop_project\wp-content\plugins\payoneer-checkout\modules\inpsyde\payoneer-sdk\src\Api\Command\AbstractCommand.php:88
Previous:
RuntimeException: Syntax error in C:\xampp\htdocs\blogshop_project\wp-content\plugins\payoneer-checkout\modules\inpsyde\payoneer-sdk\src\Client\JsonCodecTrait.php:43 CONTEXT: {"exception":{}}
2025-11-20T04:01:34+00:00 INFO Started creating list session.
2025-11-20T04:01:35+00:00 ERROR Failed to create LIST session. Exception caught: Syde\Vendor\Inpsyde\PayoneerSdk\Api\Command\Exception\CommandException: Problem validating response in C:\xampp\htdocs\blogshop_project\wp-content\plugins\payoneer-checkout\modules\inpsyde\payoneer-sdk\src\Api\Command\AbstractCommand.php:88
Previous:
RuntimeException: Syntax error in C:\xampp\htdocs\blogshop_project\wp-content\plugins\payoneer-checkout\modules\inpsyde\payoneer-sdk\src\Client\JsonCodecTrait.php:43 CONTEXT: {"exception":{}}
2025-11-20T04:01:35+00:00 INFO Started creating list session.
2025-11-20T04:01:36+00:00 ERROR Failed to create LIST session. Exception caught: Syde\Vendor\Inpsyde\PayoneerSdk\Api\Command\Exception\CommandException: Problem validating response in C:\xampp\htdocs\blogshop_project\wp-content\plugins\payoneer-checkout\modules\inpsyde\payoneer-sdk\src\Api\Command\AbstractCommand.php:88
Previous:
RuntimeException: Syntax error in C:\xampp\htdocs\blogshop_project\wp-content\plugins\payoneer-checkout\modules\inpsyde\payoneer-sdk\src\Client\JsonCodecTrait.php:43 CONTEXT: {"exception":{}}
2025-11-20T04:01:36+00:00 INFO Started creating list session.
2025-11-20T04:01:37+00:00 ERROR Failed to create LIST session. Exception caught: Syde\Vendor\Inpsyde\PayoneerSdk\Api\Command\Exception\CommandException: Problem validating response in C:\xampp\htdocs\blogshop_project\wp-content\plugins\payoneer-checkout\modules\inpsyde\payoneer-sdk\src\Api\Command\AbstractCommand.php:88
Previous:
RuntimeException: Syntax error in C:\xampp\htdocs\blogshop_project\wp-content\plugins\payoneer-checkout\modules\inpsyde\payoneer-sdk\src\Client\JsonCodecTrait.php:43 CONTEXT: {"exception":{}}
2025-11-20T04:01:37+00:00 INFO Started creating list session.
2025-11-20T04:01:38+00:00 ERROR Failed to create LIST session. Exception caught: Syde\Vendor\Inpsyde\PayoneerSdk\Api\Command\Exception\CommandException: Problem validating response in C:\xampp\htdocs\blogshop_project\wp-content\plugins\payoneer-checkout\modules\inpsyde\payoneer-sdk\src\Api\Command\AbstractCommand.php:88
Previous:
RuntimeException: Syntax error in C:\xampp\htdocs\blogshop_project\wp-content\plugins\payoneer-checkout\modules\inpsyde\payoneer-sdk\src\Client\JsonCodecTrait.php:43 CONTEXT: {"exception":{}}
2025-11-20T04:01:38+00:00 INFO Started creating list session.
2025-11-20T04:01:39+00:00 ERROR Failed to create LIST session. Exception caught: Syde\Vendor\Inpsyde\PayoneerSdk\Api\Command\Exception\CommandException: Problem validating response in C:\xampp\htdocs\blogshop_project\wp-content\plugins\payoneer-checkout\modules\inpsyde\payoneer-sdk\src\Api\Command\AbstractCommand.php:88
Previous:
RuntimeException: Syntax error in C:\xampp\htdocs\blogshop_project\wp-content\plugins\payoneer-checkout\modules\inpsyde\payoneer-sdk\src\Client\JsonCodecTrait.php:43 CONTEXT: {"exception":{}}
2025-11-20T04:01:39+00:00 INFO Started creating list session.
2025-11-20T04:01:40+00:00 ERROR Failed to create LIST session. Exception caught: Syde\Vendor\Inpsyde\PayoneerSdk\Api\Command\Exception\CommandException: Problem validating response in C:\xampp\htdocs\blogshop_project\wp-content\plugins\payoneer-checkout\modules\inpsyde\payoneer-sdk\src\Api\Command\AbstractCommand.php:88
Previous:
RuntimeException: Syntax error in C:\xampp\htdocs\blogshop_project\wp-content\plugins\payoneer-checkout\modules\inpsyde\payoneer-sdk\src\Client\JsonCodecTrait.php:43 CONTEXT: {"exception":{}}
2025-11-20T04:01:40+00:00 INFO Started creating list session.
2025-11-20T04:01:41+00:00 ERROR Failed to create LIST session. Exception caught: Syde\Vendor\Inpsyde\PayoneerSdk\Api\Command\Exception\CommandException: Problem validating response in C:\xampp\htdocs\blogshop_project\wp-content\plugins\payoneer-checkout\modules\inpsyde\payoneer-sdk\src\Api\Command\AbstractCommand.php:88
Previous:
RuntimeException: Syntax error in C:\xampp\htdocs\blogshop_project\wp-content\plugins\payoneer-checkout\modules\inpsyde\payoneer-sdk\src\Client\JsonCodecTrait.php:43 CONTEXT: {"exception":{}}
2025-11-20T04:01:41+00:00 INFO Started creating list session.
2025-11-20T04:01:42+00:00 ERROR Failed to create LIST session. Exception caught: Syde\Vendor\Inpsyde\PayoneerSdk\Api\Command\Exception\CommandException: Problem validating response in C:\xampp\htdocs\blogshop_project\wp-content\plugins\payoneer-checkout\modules\inpsyde\payoneer-sdk\src\Api\Command\AbstractCommand.php:88
Previous:
RuntimeException: Syntax error in C:\xampp\htdocs\blogshop_project\wp-content\plugins\payoneer-checkout\modules\inpsyde\payoneer-sdk\src\Client\JsonCodecTrait.php:43 CONTEXT: {"exception":{}}
2025-11-20T04:01:42+00:00 INFO Started creating list session.
2025-11-20T04:01:43+00:00 ERROR Failed to create LIST session. Exception caught: Syde\Vendor\Inpsyde\PayoneerSdk\Api\Command\Exception\CommandException: Problem validating response in C:\xampp\htdocs\blogshop_project\wp-content\plugins\payoneer-checkout\modules\inpsyde\payoneer-sdk\src\Api\Command\AbstractCommand.php:88
Previous:
RuntimeException: Syntax error in C:\xampp\htdocs\blogshop_project\wp-content\plugins\payoneer-checkout\modules\inpsyde\payoneer-sdk\src\Client\JsonCodecTrait.php:43 CONTEXT: {"exception":{}}
2025-11-20T04:01:43+00:00 INFO Started creating list session.
2025-11-20T04:01:44+00:00 ERROR Failed to create LIST session. Exception caught: Syde\Vendor\Inpsyde\PayoneerSdk\Api\Command\Exception\CommandException: Problem validating response in C:\xampp\htdocs\blogshop_project\wp-content\plugins\payoneer-checkout\modules\inpsyde\payoneer-sdk\src\Api\Command\AbstractCommand.php:88
Previous:
RuntimeException: Syntax error in C:\xampp\htdocs\blogshop_project\wp-content\plugins\payoneer-checkout\modules\inpsyde\payoneer-sdk\src\Client\JsonCodecTrait.php:43 CONTEXT: {"exception":{}}
2025-11-20T04:49:20+00:00 INFO Started creating order on checkout.
2025-11-20T04:49:20+00:00 INFO Order creating finished.
